******************************************************************************
                  TI ARM Linker PC v20.2.5                     
******************************************************************************
>> Linked Wed Nov  3 18:45:28 2021

OUTPUT FILE NAME:   <Lab9.out>
ENTRY POINT SYMBOL: "_c_int00_noargs"  address: 000009c5


MEMORY CONFIGURATION

         name            origin    length      used     unused   attr    fill
----------------------  --------  ---------  --------  --------  ----  --------
  FLASH                 00000000   00040000  00000c32  0003f3ce  R  X
  SRAM                  20000000   00008000  00000208  00007df8  RW X


SEGMENT ALLOCATION MAP

run origin  load origin   length   init length attrs members
----------  ----------- ---------- ----------- ----- -------
00000000    00000000    00000c38   00000c38    r-x
  00000000    00000000    0000026c   0000026c    r-- .intvecs
  0000026c    0000026c    000008ba   000008ba    r-x .text
  00000b28    00000b28    000000dc   000000dc    r-- .const
  00000c08    00000c08    00000030   00000030    r-- .cinit
20000000    20000000    00000208   00000000    rw-
  20000000    20000000    00000200   00000000    rw- .stack
  20000200    20000200    00000004   00000000    rw- .bss
  20000204    20000204    00000004   00000000    rw- .data


SECTION ALLOCATION MAP

 output                                  attributes/
section   page    origin      length       input sections
--------  ----  ----------  ----------   ----------------
.intvecs   0    00000000    0000026c     
                  00000000    0000026c     tm4c123gh6pm_startup_ccs.obj (.intvecs)

.text      0    0000026c    000008ba     
                  0000026c    000001dc     main.obj (.text)
                  00000448    00000132     driverlib.lib : gpio.obj (.text:GPIOPadConfigSet)
                  0000057a    00000002     --HOLE-- [fill = 0]
                  0000057c    00000110                   : sysctl.obj (.text:SysCtlClockGet)
                  0000068c    000000f4                   : sysctl.obj (.text:SysCtlClockSet)
                  00000780    0000009c     rtsv7M4_T_le_v4SPD16_eabi.lib : memcpy_t2.asm.obj (.text)
                  0000081c    00000068     driverlib.lib : interrupt.obj (.text:IntEnable)
                  00000884    00000068     rtsv7M4_T_le_v4SPD16_eabi.lib : copy_decompress_lzss.c.obj (.text:decompress:lzss:__TI_decompress_lzss)
                  000008ec    00000060     driverlib.lib : timer.obj (.text:TimerConfigure)
                  0000094c    00000044     rtsv7M4_T_le_v4SPD16_eabi.lib : autoinit.c.obj (.text:__TI_auto_init_nobinit_nopinit:__TI_auto_init_nobinit_nopinit)
                  00000990    00000034     driverlib.lib : sysctl.obj (.text:SysCtlPeripheralEnable)
                  000009c4    00000034     rtsv7M4_T_le_v4SPD16_eabi.lib : boot_cortex_m.c.obj (.text:_c_int00_noargs:_c_int00_noargs)
                  000009f8    0000002a     driverlib.lib : gpio.obj (.text:GPIODirModeSet)
                  00000a22    0000001c     rtsv7M4_T_le_v4SPD16_eabi.lib : copy_zero_init.c.obj (.text:decompress:ZI:__TI_zero_init_nomemset:__TI_zero_init_nomemset)
                  00000a3e    00000018     driverlib.lib : gpio.obj (.text:GPIOPinTypeGPIOOutput)
                  00000a56    00000002     --HOLE-- [fill = 0]
                  00000a58    00000018                   : timer.obj (.text:TimerDisable)
                  00000a70    00000014                   : systick.obj (.text:SysTickDisable)
                  00000a84    00000014                   : systick.obj (.text:SysTickEnable)
                  00000a98    00000012                   : timer.obj (.text:TimerLoadSet)
                  00000aaa    00000010                   : interrupt.obj (.text:IntMasterEnable)
                  00000aba    00000002     --HOLE-- [fill = 0]
                  00000abc    00000010                   : systick.obj (.text:SysTickPeriodSet)
                  00000acc    0000000e                   : timer.obj (.text:TimerEnable)
                  00000ada    0000000e     rtsv7M4_T_le_v4SPD16_eabi.lib : copy_decompress_none.c.obj (.text:decompress:none:__TI_decompress_none)
                  00000ae8    0000000c     driverlib.lib : cpu.obj (.text:CPUcpsie)
                  00000af4    0000000c     tm4c123gh6pm_startup_ccs.obj (.text)
                  00000b00    00000008     driverlib.lib : timer.obj (.text:TimerIntEnable)
                  00000b08    00000006                   : gpio.obj (.text:GPIOPinRead)
                  00000b0e    00000006                   : gpio.obj (.text:GPIOPinWrite)
                  00000b14    00000006                   : sysctl.obj (.text:SysCtlDelay)
                  00000b1a    00000004                   : timer.obj (.text:TimerIntClear)
                  00000b1e    00000004     rtsv7M4_T_le_v4SPD16_eabi.lib : pre_init.c.obj (.text:_system_pre_init)
                  00000b22    00000004                                   : exit.c.obj (.text:abort:abort)

.const     0    00000b28    000000dc     
                  00000b28    00000070     driverlib.lib : interrupt.obj (.const)
                  00000b98    0000006c                   : sysctl.obj (.const:g_pui32Xtals)

.cinit     0    00000c08    00000030     
                  00000c08    0000000c     (__TI_handler_table)
                  00000c14    00000004     --HOLE-- [fill = 0]
                  00000c18    00000008     (.cinit..bss.load) [load image, compression = zero_init]
                  00000c20    00000007     (.cinit..data.load) [load image, compression = lzss]
                  00000c27    00000001     --HOLE-- [fill = 0]
                  00000c28    00000010     (__TI_cinit_table)

.init_array 
*          0    00000000    00000000     UNINITIALIZED

.bss       0    20000200    00000004     UNINITIALIZED
                  20000200    00000004     (.common:ui32Period)

.data      0    20000204    00000004     UNINITIALIZED
                  20000204    00000004     main.obj (.data)

.stack     0    20000000    00000200     UNINITIALIZED
                  20000000    00000004     rtsv7M4_T_le_v4SPD16_eabi.lib : boot_cortex_m.c.obj (.stack)
                  20000004    000001fc     --HOLE--

__llvm_prf_cnts 
*          0    20000000    00000000     UNINITIALIZED

MODULE SUMMARY

       Module                         code   ro data   rw data
       ------                         ----   -------   -------
    .\
       tm4c123gh6pm_startup_ccs.obj   12     620       0      
       main.obj                       476    0         8      
    +--+------------------------------+------+---------+---------+
       Total:                         488    620       8      
                                                              
    C:/ti/TivaWare_C_Series-2.1.4.178/driverlib/ccs/Debug/driverlib.lib
       sysctl.obj                     574    108       0      
       gpio.obj                       384    0         0      
       interrupt.obj                  120    112       0      
       timer.obj                      164    0         0      
       systick.obj                    56     0         0      
       cpu.obj                        12     0         0      
    +--+------------------------------+------+---------+---------+
       Total:                         1310   220       0      
                                                              
    C:\ti\ccs1100\ccs\tools\compiler\ti-cgt-arm_20.2.5.LTS\lib\rtsv7M4_T_le_v4SPD16_eabi.lib
       memcpy_t2.asm.obj              156    0         0      
       copy_decompress_lzss.c.obj     104    0         0      
       autoinit.c.obj                 68     0         0      
       boot_cortex_m.c.obj            52     0         0      
       copy_zero_init.c.obj           28     0         0      
       copy_decompress_none.c.obj     14     0         0      
       exit.c.obj                     4      0         0      
       pre_init.c.obj                 4      0         0      
    +--+------------------------------+------+---------+---------+
       Total:                         430    0         0      
                                                              
       Stack:                         0      0         512    
       Linker Generated:              0      43        0      
    +--+------------------------------+------+---------+---------+
       Grand Total:                   2228   883       520    


LINKER GENERATED COPY TABLES

__TI_cinit_table @ 00000c28 records: 2, size/record: 8, table size: 16
	.bss: load addr=00000c18, load size=00000008 bytes, run addr=20000200, run size=00000004 bytes, compression=zero_init
	.data: load addr=00000c20, load size=00000007 bytes, run addr=20000204, run size=00000004 bytes, compression=lzss


LINKER GENERATED HANDLER TABLE

__TI_handler_table @ 00000c08 records: 3, size/record: 4, table size: 12
	index: 0, handler: __TI_decompress_lzss
	index: 1, handler: __TI_decompress_none
	index: 2, handler: __TI_zero_init


GLOBAL SYMBOLS: SORTED ALPHABETICALLY BY Name 

address   name                          
-------   ----                          
00000b23  C$$EXIT                       
00000ae9  CPUcpsie                      
000009f9  GPIODirModeSet                
00000449  GPIOPadConfigSet              
00000b09  GPIOPinRead                   
00000a3f  GPIOPinTypeGPIOOutput         
00000b0f  GPIOPinWrite                  
0000081d  IntEnable                     
00000aab  IntMasterEnable               
00000af5  ResetISR                      
0000057d  SysCtlClockGet                
0000068d  SysCtlClockSet                
00000b15  SysCtlDelay                   
00000991  SysCtlPeripheralEnable        
00000a71  SysTickDisable                
00000a85  SysTickEnable                 
00000abd  SysTickPeriodSet              
000003fb  Timer0IntHandler              
000008ed  TimerConfigure                
00000a59  TimerDisable                  
00000acd  TimerEnable                   
00000b1b  TimerIntClear                 
00000b01  TimerIntEnable                
00000a99  TimerLoadSet                  
20000200  __STACK_END                   
00000200  __STACK_SIZE                  
20000200  __STACK_TOP                   
00000c28  __TI_CINIT_Base               
00000c38  __TI_CINIT_Limit              
00000c08  __TI_Handler_Table_Base       
00000c14  __TI_Handler_Table_Limit      
0000094d  __TI_auto_init_nobinit_nopinit
00000885  __TI_decompress_lzss          
00000adb  __TI_decompress_none          
ffffffff  __TI_pprof_out_hndl           
ffffffff  __TI_prof_data_size           
ffffffff  __TI_prof_data_start          
00000000  __TI_static_base__            
00000a23  __TI_zero_init_nomemset       
00000781  __aeabi_memcpy                
00000781  __aeabi_memcpy4               
00000781  __aeabi_memcpy8               
ffffffff  __binit__                     
ffffffff  __c_args__                    
UNDEFED   __mpu_init                    
20000000  __stack                       
20000000  __start___llvm_prf_cnts       
20000000  __stop___llvm_prf_cnts        
000009c5  _c_int00_noargs               
UNDEFED   _system_post_cinit            
00000b1f  _system_pre_init              
00000b23  abort                         
ffffffff  binit                         
000003cf  delay                         
000003b3  delay1ms                      
00000000  g_pfnVectors                  
20000204  i                             
0000026d  main                          
00000781  memcpy                        
20000200  ui32Period                    


GLOBAL SYMBOLS: SORTED BY Symbol Address 

address   name                          
-------   ----                          
00000000  __TI_static_base__            
00000000  g_pfnVectors                  
00000200  __STACK_SIZE                  
0000026d  main                          
000003b3  delay1ms                      
000003cf  delay                         
000003fb  Timer0IntHandler              
00000449  GPIOPadConfigSet              
0000057d  SysCtlClockGet                
0000068d  SysCtlClockSet                
00000781  __aeabi_memcpy                
00000781  __aeabi_memcpy4               
00000781  __aeabi_memcpy8               
00000781  memcpy                        
0000081d  IntEnable                     
00000885  __TI_decompress_lzss          
000008ed  TimerConfigure                
0000094d  __TI_auto_init_nobinit_nopinit
00000991  SysCtlPeripheralEnable        
000009c5  _c_int00_noargs               
000009f9  GPIODirModeSet                
00000a23  __TI_zero_init_nomemset       
00000a3f  GPIOPinTypeGPIOOutput         
00000a59  TimerDisable                  
00000a71  SysTickDisable                
00000a85  SysTickEnable                 
00000a99  TimerLoadSet                  
00000aab  IntMasterEnable               
00000abd  SysTickPeriodSet              
00000acd  TimerEnable                   
00000adb  __TI_decompress_none          
00000ae9  CPUcpsie                      
00000af5  ResetISR                      
00000b01  TimerIntEnable                
00000b09  GPIOPinRead                   
00000b0f  GPIOPinWrite                  
00000b15  SysCtlDelay                   
00000b1b  TimerIntClear                 
00000b1f  _system_pre_init              
00000b23  C$$EXIT                       
00000b23  abort                         
00000c08  __TI_Handler_Table_Base       
00000c14  __TI_Handler_Table_Limit      
00000c28  __TI_CINIT_Base               
00000c38  __TI_CINIT_Limit              
20000000  __stack                       
20000000  __start___llvm_prf_cnts       
20000000  __stop___llvm_prf_cnts        
20000200  __STACK_END                   
20000200  __STACK_TOP                   
20000200  ui32Period                    
20000204  i                             
ffffffff  __TI_pprof_out_hndl           
ffffffff  __TI_prof_data_size           
ffffffff  __TI_prof_data_start          
ffffffff  __binit__                     
ffffffff  __c_args__                    
ffffffff  binit                         
UNDEFED   __mpu_init                    
UNDEFED   _system_post_cinit            

[60 symbols]
