<?xml version="1.0" encoding="ISO-8859-1" ?>
<link_info>
   <banner>TI ARM Linker PC v20.2.5.LTS</banner>
   <copyright>Copyright (c) 1996-2018 Texas Instruments Incorporated</copyright>
   <link_time>0x61943eb5</link_time>
   <link_errors>0x0</link_errors>
   <output_file>Proyecto3.out</output_file>
   <entry_point>
      <name>_c_int00_noargs</name>
      <address>0xcf9</address>
   </entry_point>
   <input_file_list>
      <input_file id="fl-2">
         <path>.\</path>
         <kind>object</kind>
         <file>main.obj</file>
         <name>main.obj</name>
      </input_file>
      <input_file id="fl-3">
         <path>.\</path>
         <kind>object</kind>
         <file>tm4c123gh6pm_startup_ccs.obj</file>
         <name>tm4c123gh6pm_startup_ccs.obj</name>
      </input_file>
      <input_file id="fl-8">
         <kind>object</kind>
         <file>&lt;internal&gt;</file>
         <name>&lt;internal&gt;</name>
      </input_file>
      <input_file id="fl-9">
         <path>C:\ti\TivaWare_C_Series-2.1.4.178\driverlib\ccs\Debug\</path>
         <kind>archive</kind>
         <file>driverlib.lib</file>
         <name>gpio.obj</name>
      </input_file>
      <input_file id="fl-a">
         <path>C:\ti\TivaWare_C_Series-2.1.4.178\driverlib\ccs\Debug\</path>
         <kind>archive</kind>
         <file>driverlib.lib</file>
         <name>interrupt.obj</name>
      </input_file>
      <input_file id="fl-b">
         <path>C:\ti\TivaWare_C_Series-2.1.4.178\driverlib\ccs\Debug\</path>
         <kind>archive</kind>
         <file>driverlib.lib</file>
         <name>sysctl.obj</name>
      </input_file>
      <input_file id="fl-c">
         <path>C:\ti\TivaWare_C_Series-2.1.4.178\driverlib\ccs\Debug\</path>
         <kind>archive</kind>
         <file>driverlib.lib</file>
         <name>systick.obj</name>
      </input_file>
      <input_file id="fl-d">
         <path>C:\ti\TivaWare_C_Series-2.1.4.178\driverlib\ccs\Debug\</path>
         <kind>archive</kind>
         <file>driverlib.lib</file>
         <name>uart.obj</name>
      </input_file>
      <input_file id="fl-e">
         <path>C:\ti\TivaWare_C_Series-2.1.4.178\driverlib\ccs\Debug\</path>
         <kind>archive</kind>
         <file>driverlib.lib</file>
         <name>cpu.obj</name>
      </input_file>
      <input_file id="fl-c4">
         <path>C:\ti\ccs1100\ccs\tools\compiler\ti-cgt-arm_20.2.5.LTS\lib\</path>
         <kind>archive</kind>
         <file>rtsv7M4_T_le_v4SPD16_eabi.lib</file>
         <name>copy_zero_init.c.obj</name>
      </input_file>
      <input_file id="fl-c5">
         <path>C:\ti\ccs1100\ccs\tools\compiler\ti-cgt-arm_20.2.5.LTS\lib\</path>
         <kind>archive</kind>
         <file>rtsv7M4_T_le_v4SPD16_eabi.lib</file>
         <name>copy_decompress_none.c.obj</name>
      </input_file>
      <input_file id="fl-c6">
         <path>C:\ti\ccs1100\ccs\tools\compiler\ti-cgt-arm_20.2.5.LTS\lib\</path>
         <kind>archive</kind>
         <file>rtsv7M4_T_le_v4SPD16_eabi.lib</file>
         <name>copy_decompress_lzss.c.obj</name>
      </input_file>
      <input_file id="fl-c7">
         <path>C:\ti\ccs1100\ccs\tools\compiler\ti-cgt-arm_20.2.5.LTS\lib\</path>
         <kind>archive</kind>
         <file>rtsv7M4_T_le_v4SPD16_eabi.lib</file>
         <name>boot_cortex_m.c.obj</name>
      </input_file>
      <input_file id="fl-c8">
         <path>C:\ti\ccs1100\ccs\tools\compiler\ti-cgt-arm_20.2.5.LTS\lib\</path>
         <kind>archive</kind>
         <file>rtsv7M4_T_le_v4SPD16_eabi.lib</file>
         <name>memcpy_t2.asm.obj</name>
      </input_file>
      <input_file id="fl-c9">
         <path>C:\ti\ccs1100\ccs\tools\compiler\ti-cgt-arm_20.2.5.LTS\lib\</path>
         <kind>archive</kind>
         <file>rtsv7M4_T_le_v4SPD16_eabi.lib</file>
         <name>memset_t2.asm.obj</name>
      </input_file>
      <input_file id="fl-ca">
         <path>C:\ti\ccs1100\ccs\tools\compiler\ti-cgt-arm_20.2.5.LTS\lib\</path>
         <kind>archive</kind>
         <file>rtsv7M4_T_le_v4SPD16_eabi.lib</file>
         <name>autoinit.c.obj</name>
      </input_file>
      <input_file id="fl-cb">
         <path>C:\ti\ccs1100\ccs\tools\compiler\ti-cgt-arm_20.2.5.LTS\lib\</path>
         <kind>archive</kind>
         <file>rtsv7M4_T_le_v4SPD16_eabi.lib</file>
         <name>pre_init.c.obj</name>
      </input_file>
      <input_file id="fl-cc">
         <path>C:\ti\ccs1100\ccs\tools\compiler\ti-cgt-arm_20.2.5.LTS\lib\</path>
         <kind>archive</kind>
         <file>rtsv7M4_T_le_v4SPD16_eabi.lib</file>
         <name>cpy_tbl.c.obj</name>
      </input_file>
      <input_file id="fl-cd">
         <path>C:\ti\ccs1100\ccs\tools\compiler\ti-cgt-arm_20.2.5.LTS\lib\</path>
         <kind>archive</kind>
         <file>rtsv7M4_T_le_v4SPD16_eabi.lib</file>
         <name>exit.c.obj</name>
      </input_file>
      <input_file id="fl-ce">
         <path>C:\ti\ccs1100\ccs\tools\compiler\ti-cgt-arm_20.2.5.LTS\lib\</path>
         <kind>archive</kind>
         <file>rtsv7M4_T_le_v4SPD16_eabi.lib</file>
         <name>_lock.c.obj</name>
      </input_file>
      <input_file id="fl-cf">
         <path>C:\ti\ccs1100\ccs\tools\compiler\ti-cgt-arm_20.2.5.LTS\lib\</path>
         <kind>archive</kind>
         <file>rtsv7M4_T_le_v4SPD16_eabi.lib</file>
         <name>args_main.c.obj</name>
      </input_file>
   </input_file_list>
   <object_component_list>
      <object_component id="oc-12">
         <name>.intvecs</name>
         <load_address>0x0</load_address>
         <run_address>0x0</run_address>
         <size>0x26c</size>
         <input_file_ref idref="fl-3"/>
      </object_component>
      <object_component id="oc-9b">
         <name>.text</name>
         <load_address>0x26c</load_address>
         <run_address>0x26c</run_address>
         <size>0x548</size>
         <input_file_ref idref="fl-2"/>
      </object_component>
      <object_component id="oc-e0">
         <name>.text:GPIOPadConfigSet</name>
         <load_address>0x7b4</load_address>
         <run_address>0x7b4</run_address>
         <size>0x132</size>
         <input_file_ref idref="fl-9"/>
      </object_component>
      <object_component id="oc-113">
         <name>.text:SysCtlClockGet</name>
         <load_address>0x8e8</load_address>
         <run_address>0x8e8</run_address>
         <size>0x110</size>
         <input_file_ref idref="fl-b"/>
      </object_component>
      <object_component id="oc-c8">
         <name>.text:SysCtlClockSet</name>
         <load_address>0x9f8</load_address>
         <run_address>0x9f8</run_address>
         <size>0xf4</size>
         <input_file_ref idref="fl-b"/>
      </object_component>
      <object_component id="oc-3b">
         <name>.text</name>
         <load_address>0xaec</load_address>
         <run_address>0xaec</run_address>
         <size>0x9c</size>
         <input_file_ref idref="fl-c8"/>
      </object_component>
      <object_component id="oc-15">
         <name>.text:decompress:lzss:__TI_decompress_lzss</name>
         <load_address>0xb88</load_address>
         <run_address>0xb88</run_address>
         <size>0x68</size>
         <input_file_ref idref="fl-c6"/>
      </object_component>
      <object_component id="oc-11f">
         <name>.text:GPIOPinConfigure</name>
         <load_address>0xbf0</load_address>
         <run_address>0xbf0</run_address>
         <size>0x48</size>
         <input_file_ref idref="fl-9"/>
      </object_component>
      <object_component id="oc-119">
         <name>.text:UARTConfigSetExpClk</name>
         <load_address>0xc38</load_address>
         <run_address>0xc38</run_address>
         <size>0x46</size>
         <input_file_ref idref="fl-d"/>
      </object_component>
      <object_component id="oc-138">
         <name>.text:__TI_auto_init_nobinit_nopinit:__TI_auto_init_nobinit_nopinit</name>
         <load_address>0xc80</load_address>
         <run_address>0xc80</run_address>
         <size>0x44</size>
         <input_file_ref idref="fl-ca"/>
      </object_component>
      <object_component id="oc-ce">
         <name>.text:SysCtlPeripheralEnable</name>
         <load_address>0xcc4</load_address>
         <run_address>0xcc4</run_address>
         <size>0x34</size>
         <input_file_ref idref="fl-b"/>
      </object_component>
      <object_component id="oc-59">
         <name>.text:_c_int00_noargs:_c_int00_noargs</name>
         <load_address>0xcf8</load_address>
         <run_address>0xcf8</run_address>
         <size>0x34</size>
         <input_file_ref idref="fl-c7"/>
      </object_component>
      <object_component id="oc-17a">
         <name>.text:GPIODirModeSet</name>
         <load_address>0xd2c</load_address>
         <run_address>0xd2c</run_address>
         <size>0x2a</size>
         <input_file_ref idref="fl-9"/>
      </object_component>
      <object_component id="oc-193">
         <name>.text:UARTDisable</name>
         <load_address>0xd58</load_address>
         <run_address>0xd58</run_address>
         <size>0x20</size>
         <input_file_ref idref="fl-d"/>
      </object_component>
      <object_component id="oc-d4">
         <name>.text:GPIOPinTypeGPIOOutput</name>
         <load_address>0xd78</load_address>
         <run_address>0xd78</run_address>
         <size>0x18</size>
         <input_file_ref idref="fl-9"/>
      </object_component>
      <object_component id="oc-fb">
         <name>.text:SysTickDisable</name>
         <load_address>0xd90</load_address>
         <run_address>0xd90</run_address>
         <size>0x14</size>
         <input_file_ref idref="fl-c"/>
      </object_component>
      <object_component id="oc-107">
         <name>.text:SysTickEnable</name>
         <load_address>0xda4</load_address>
         <run_address>0xda4</run_address>
         <size>0x14</size>
         <input_file_ref idref="fl-c"/>
      </object_component>
      <object_component id="oc-125">
         <name>.text:UARTEnable</name>
         <load_address>0xdb8</load_address>
         <run_address>0xdb8</run_address>
         <size>0x14</size>
         <input_file_ref idref="fl-d"/>
      </object_component>
      <object_component id="oc-da">
         <name>.text:GPIOPinTypeGPIOInput</name>
         <load_address>0xdcc</load_address>
         <run_address>0xdcc</run_address>
         <size>0x12</size>
         <input_file_ref idref="fl-9"/>
      </object_component>
      <object_component id="oc-10d">
         <name>.text:GPIOPinTypeUART</name>
         <load_address>0xdde</load_address>
         <run_address>0xdde</run_address>
         <size>0x12</size>
         <input_file_ref idref="fl-9"/>
      </object_component>
      <object_component id="oc-101">
         <name>.text:SysTickPeriodSet</name>
         <load_address>0xdf0</load_address>
         <run_address>0xdf0</run_address>
         <size>0x10</size>
         <input_file_ref idref="fl-c"/>
      </object_component>
      <object_component id="oc-1b">
         <name>.text:decompress:none:__TI_decompress_none</name>
         <load_address>0xe00</load_address>
         <run_address>0xe00</run_address>
         <size>0xe</size>
         <input_file_ref idref="fl-c5"/>
      </object_component>
      <object_component id="oc-27">
         <name>.text</name>
         <load_address>0xe0e</load_address>
         <run_address>0xe0e</run_address>
         <size>0xc</size>
         <input_file_ref idref="fl-3"/>
      </object_component>
      <object_component id="oc-ec">
         <name>.text:UARTCharPut</name>
         <load_address>0xe1a</load_address>
         <run_address>0xe1a</run_address>
         <size>0xa</size>
         <input_file_ref idref="fl-d"/>
      </object_component>
      <object_component id="oc-e6">
         <name>.text:GPIOPinRead</name>
         <load_address>0xe24</load_address>
         <run_address>0xe24</run_address>
         <size>0x6</size>
         <input_file_ref idref="fl-9"/>
      </object_component>
      <object_component id="oc-f2">
         <name>.text:GPIOPinWrite</name>
         <load_address>0xe2a</load_address>
         <run_address>0xe2a</run_address>
         <size>0x6</size>
         <input_file_ref idref="fl-9"/>
      </object_component>
      <object_component id="oc-171">
         <name>.text:SysCtlDelay</name>
         <load_address>0xe30</load_address>
         <run_address>0xe30</run_address>
         <size>0x6</size>
         <input_file_ref idref="fl-b"/>
      </object_component>
      <object_component id="oc-95">
         <name>.text:_system_pre_init</name>
         <load_address>0xe36</load_address>
         <run_address>0xe36</run_address>
         <size>0x4</size>
         <input_file_ref idref="fl-cb"/>
      </object_component>
      <object_component id="oc-12c">
         <name>.text:abort:abort</name>
         <load_address>0xe3a</load_address>
         <run_address>0xe3a</run_address>
         <size>0x4</size>
         <input_file_ref idref="fl-cd"/>
      </object_component>
      <object_component id="oc-19a">
         <name>.const:g_pui32GPIOBaseAddrs</name>
         <load_address>0xe40</load_address>
         <run_address>0xe40</run_address>
         <size>0x90</size>
         <input_file_ref idref="fl-9"/>
      </object_component>
      <object_component id="oc-18f">
         <name>.const:g_pui32Xtals</name>
         <load_address>0xed0</load_address>
         <run_address>0xed0</run_address>
         <size>0x6c</size>
         <input_file_ref idref="fl-b"/>
      </object_component>
      <object_component id="oc-22d">
         <name>.cinit..data.load</name>
         <load_address>0xf40</load_address>
         <run_address>0xf40</run_address>
         <size>0x8</size>
      </object_component>
      <object_component id="oc-22b">
         <name>__TI_handler_table</name>
         <load_address>0xf48</load_address>
         <run_address>0xf48</run_address>
         <size>0x8</size>
      </object_component>
      <object_component id="oc-22c">
         <name>__TI_cinit_table</name>
         <load_address>0xf50</load_address>
         <run_address>0xf50</run_address>
         <size>0x8</size>
      </object_component>
      <object_component id="oc-f8">
         <name>.data</name>
         <load_address>0x20000200</load_address>
         <run_address>0x20000200</run_address>
         <size>0xd</size>
         <input_file_ref idref="fl-2"/>
      </object_component>
      <object_component id="oc-24">
         <name>.stack</name>
         <uninitialized>true</uninitialized>
         <run_address>0x20000000</run_address>
         <size>0x4</size>
         <input_file_ref idref="fl-c7"/>
      </object_component>
      <object_component id="oc-22f">
         <name>.stack</name>
         <uninitialized>true</uninitialized>
         <run_address>0x20000000</run_address>
         <size>0x0</size>
      </object_component>
      <object_component id="oc-b7">
         <name>.debug_info</name>
         <load_address>0x0</load_address>
         <run_address>0x0</run_address>
         <size>0x7c3</size>
         <input_file_ref idref="fl-2"/>
      </object_component>
      <object_component id="oc-f9">
         <name>.debug_info</name>
         <load_address>0x7c3</load_address>
         <run_address>0x7c3</run_address>
         <size>0x1fc</size>
         <input_file_ref idref="fl-2"/>
      </object_component>
      <object_component id="oc-9c">
         <name>.debug_info</name>
         <load_address>0x9bf</load_address>
         <run_address>0x9bf</run_address>
         <size>0xaa6</size>
         <input_file_ref idref="fl-2"/>
      </object_component>
      <object_component id="oc-70">
         <name>.debug_info</name>
         <load_address>0x1465</load_address>
         <run_address>0x1465</run_address>
         <size>0x26b</size>
         <input_file_ref idref="fl-2"/>
      </object_component>
      <object_component id="oc-16c">
         <name>.debug_info</name>
         <load_address>0x16d0</load_address>
         <run_address>0x16d0</run_address>
         <size>0x6bd</size>
         <input_file_ref idref="fl-2"/>
      </object_component>
      <object_component id="oc-b2">
         <name>.debug_info</name>
         <load_address>0x1d8d</load_address>
         <run_address>0x1d8d</run_address>
         <size>0x8b</size>
         <input_file_ref idref="fl-2"/>
      </object_component>
      <object_component id="oc-ad">
         <name>.debug_info</name>
         <load_address>0x1e18</load_address>
         <run_address>0x1e18</run_address>
         <size>0x2a4</size>
         <input_file_ref idref="fl-2"/>
      </object_component>
      <object_component id="oc-75">
         <name>.debug_info</name>
         <load_address>0x20bc</load_address>
         <run_address>0x20bc</run_address>
         <size>0xbb</size>
         <input_file_ref idref="fl-2"/>
      </object_component>
      <object_component id="oc-2f">
         <name>.debug_info</name>
         <load_address>0x2177</load_address>
         <run_address>0x2177</run_address>
         <size>0x2c2</size>
         <input_file_ref idref="fl-3"/>
      </object_component>
      <object_component id="oc-13">
         <name>.debug_info</name>
         <load_address>0x2439</load_address>
         <run_address>0x2439</run_address>
         <size>0x101</size>
         <input_file_ref idref="fl-3"/>
      </object_component>
      <object_component id="oc-29">
         <name>.debug_info</name>
         <load_address>0x253a</load_address>
         <run_address>0x253a</run_address>
         <size>0x27d</size>
         <input_file_ref idref="fl-3"/>
      </object_component>
      <object_component id="oc-36">
         <name>.debug_info</name>
         <load_address>0x27b7</load_address>
         <run_address>0x27b7</run_address>
         <size>0x84</size>
         <input_file_ref idref="fl-3"/>
      </object_component>
      <object_component id="oc-181">
         <name>.debug_info</name>
         <load_address>0x283b</load_address>
         <run_address>0x283b</run_address>
         <size>0x240</size>
         <input_file_ref idref="fl-9"/>
      </object_component>
      <object_component id="oc-19b">
         <name>.debug_info</name>
         <load_address>0x2a7b</load_address>
         <run_address>0x2a7b</run_address>
         <size>0x15b</size>
         <input_file_ref idref="fl-9"/>
      </object_component>
      <object_component id="oc-f3">
         <name>.debug_info</name>
         <load_address>0x2bd6</load_address>
         <run_address>0x2bd6</run_address>
         <size>0x2a3</size>
         <input_file_ref idref="fl-9"/>
      </object_component>
      <object_component id="oc-17b">
         <name>.debug_info</name>
         <load_address>0x2e79</load_address>
         <run_address>0x2e79</run_address>
         <size>0x2b3</size>
         <input_file_ref idref="fl-9"/>
      </object_component>
      <object_component id="oc-e1">
         <name>.debug_info</name>
         <load_address>0x312c</load_address>
         <run_address>0x312c</run_address>
         <size>0x316</size>
         <input_file_ref idref="fl-9"/>
      </object_component>
      <object_component id="oc-10e">
         <name>.debug_info</name>
         <load_address>0x3442</load_address>
         <run_address>0x3442</run_address>
         <size>0x27b</size>
         <input_file_ref idref="fl-9"/>
      </object_component>
      <object_component id="oc-d5">
         <name>.debug_info</name>
         <load_address>0x36bd</load_address>
         <run_address>0x36bd</run_address>
         <size>0x2b7</size>
         <input_file_ref idref="fl-9"/>
      </object_component>
      <object_component id="oc-db">
         <name>.debug_info</name>
         <load_address>0x3974</load_address>
         <run_address>0x3974</run_address>
         <size>0x285</size>
         <input_file_ref idref="fl-9"/>
      </object_component>
      <object_component id="oc-e7">
         <name>.debug_info</name>
         <load_address>0x3bf9</load_address>
         <run_address>0x3bf9</run_address>
         <size>0x27b</size>
         <input_file_ref idref="fl-9"/>
      </object_component>
      <object_component id="oc-120">
         <name>.debug_info</name>
         <load_address>0x3e74</load_address>
         <run_address>0x3e74</run_address>
         <size>0x280</size>
         <input_file_ref idref="fl-9"/>
      </object_component>
      <object_component id="oc-173">
         <name>.debug_info</name>
         <load_address>0x40f4</load_address>
         <run_address>0x40f4</run_address>
         <size>0x18b</size>
         <input_file_ref idref="fl-9"/>
      </object_component>
      <object_component id="oc-178">
         <name>.debug_info</name>
         <load_address>0x427f</load_address>
         <run_address>0x427f</run_address>
         <size>0x298</size>
         <input_file_ref idref="fl-b"/>
      </object_component>
      <object_component id="oc-190">
         <name>.debug_info</name>
         <load_address>0x4517</load_address>
         <run_address>0x4517</run_address>
         <size>0x14d</size>
         <input_file_ref idref="fl-b"/>
      </object_component>
      <object_component id="oc-d0">
         <name>.debug_info</name>
         <load_address>0x4664</load_address>
         <run_address>0x4664</run_address>
         <size>0x27d</size>
         <input_file_ref idref="fl-b"/>
      </object_component>
      <object_component id="oc-c9">
         <name>.debug_info</name>
         <load_address>0x48e1</load_address>
         <run_address>0x48e1</run_address>
         <size>0x2db</size>
         <input_file_ref idref="fl-b"/>
      </object_component>
      <object_component id="oc-114">
         <name>.debug_info</name>
         <load_address>0x4bbc</load_address>
         <run_address>0x4bbc</run_address>
         <size>0x2b5</size>
         <input_file_ref idref="fl-b"/>
      </object_component>
      <object_component id="oc-1c1">
         <name>.debug_info</name>
         <load_address>0x4e71</load_address>
         <run_address>0x4e71</run_address>
         <size>0x5f</size>
         <input_file_ref idref="fl-b"/>
      </object_component>
      <object_component id="oc-18c">
         <name>.debug_info</name>
         <load_address>0x4ed0</load_address>
         <run_address>0x4ed0</run_address>
         <size>0x19d</size>
         <input_file_ref idref="fl-c"/>
      </object_component>
      <object_component id="oc-102">
         <name>.debug_info</name>
         <load_address>0x506d</load_address>
         <run_address>0x506d</run_address>
         <size>0x261</size>
         <input_file_ref idref="fl-c"/>
      </object_component>
      <object_component id="oc-108">
         <name>.debug_info</name>
         <load_address>0x52ce</load_address>
         <run_address>0x52ce</run_address>
         <size>0x221</size>
         <input_file_ref idref="fl-c"/>
      </object_component>
      <object_component id="oc-fc">
         <name>.debug_info</name>
         <load_address>0x54ef</load_address>
         <run_address>0x54ef</run_address>
         <size>0x223</size>
         <input_file_ref idref="fl-c"/>
      </object_component>
      <object_component id="oc-186">
         <name>.debug_info</name>
         <load_address>0x5712</load_address>
         <run_address>0x5712</run_address>
         <size>0x227</size>
         <input_file_ref idref="fl-d"/>
      </object_component>
      <object_component id="oc-126">
         <name>.debug_info</name>
         <load_address>0x5939</load_address>
         <run_address>0x5939</run_address>
         <size>0x247</size>
         <input_file_ref idref="fl-d"/>
      </object_component>
      <object_component id="oc-194">
         <name>.debug_info</name>
         <load_address>0x5b80</load_address>
         <run_address>0x5b80</run_address>
         <size>0x249</size>
         <input_file_ref idref="fl-d"/>
      </object_component>
      <object_component id="oc-11a">
         <name>.debug_info</name>
         <load_address>0x5dc9</load_address>
         <run_address>0x5dc9</run_address>
         <size>0x326</size>
         <input_file_ref idref="fl-d"/>
      </object_component>
      <object_component id="oc-ed">
         <name>.debug_info</name>
         <load_address>0x60ef</load_address>
         <run_address>0x60ef</run_address>
         <size>0x273</size>
         <input_file_ref idref="fl-d"/>
      </object_component>
      <object_component id="oc-46">
         <name>.debug_info</name>
         <load_address>0x6362</load_address>
         <run_address>0x6362</run_address>
         <size>0x2a8</size>
         <input_file_ref idref="fl-c5"/>
      </object_component>
      <object_component id="oc-1c">
         <name>.debug_info</name>
         <load_address>0x660a</load_address>
         <run_address>0x660a</run_address>
         <size>0x1ea</size>
         <input_file_ref idref="fl-c5"/>
      </object_component>
      <object_component id="oc-41">
         <name>.debug_info</name>
         <load_address>0x67f4</load_address>
         <run_address>0x67f4</run_address>
         <size>0x46</size>
         <input_file_ref idref="fl-c5"/>
      </object_component>
      <object_component id="oc-81">
         <name>.debug_info</name>
         <load_address>0x683a</load_address>
         <run_address>0x683a</run_address>
         <size>0x2c</size>
         <input_file_ref idref="fl-c5"/>
      </object_component>
      <object_component id="oc-7f">
         <name>.debug_info</name>
         <load_address>0x6866</load_address>
         <run_address>0x6866</run_address>
         <size>0x29e</size>
         <input_file_ref idref="fl-c6"/>
      </object_component>
      <object_component id="oc-18">
         <name>.debug_info</name>
         <load_address>0x6b04</load_address>
         <run_address>0x6b04</run_address>
         <size>0x250</size>
         <input_file_ref idref="fl-c6"/>
      </object_component>
      <object_component id="oc-31">
         <name>.debug_info</name>
         <load_address>0x6d54</load_address>
         <run_address>0x6d54</run_address>
         <size>0x60</size>
         <input_file_ref idref="fl-c6"/>
      </object_component>
      <object_component id="oc-b8">
         <name>.debug_info</name>
         <load_address>0x6db4</load_address>
         <run_address>0x6db4</run_address>
         <size>0x46</size>
         <input_file_ref idref="fl-c6"/>
      </object_component>
      <object_component id="oc-7a">
         <name>.debug_info</name>
         <load_address>0x6dfa</load_address>
         <run_address>0x6dfa</run_address>
         <size>0x39</size>
         <input_file_ref idref="fl-c6"/>
      </object_component>
      <object_component id="oc-25">
         <name>.debug_info</name>
         <load_address>0x6e33</load_address>
         <run_address>0x6e33</run_address>
         <size>0x10b</size>
         <input_file_ref idref="fl-c7"/>
      </object_component>
      <object_component id="oc-5a">
         <name>.debug_info</name>
         <load_address>0x6f3e</load_address>
         <run_address>0x6f3e</run_address>
         <size>0x1a9</size>
         <input_file_ref idref="fl-c7"/>
      </object_component>
      <object_component id="oc-3c">
         <name>.debug_info</name>
         <load_address>0x70e7</load_address>
         <run_address>0x70e7</run_address>
         <size>0x119</size>
         <input_file_ref idref="fl-c8"/>
      </object_component>
      <object_component id="oc-1aa">
         <name>.debug_info</name>
         <load_address>0x7200</load_address>
         <run_address>0x7200</run_address>
         <size>0x4b3</size>
         <input_file_ref idref="fl-ca"/>
      </object_component>
      <object_component id="oc-13a">
         <name>.debug_info</name>
         <load_address>0x76b3</load_address>
         <run_address>0x76b3</run_address>
         <size>0x1a6</size>
         <input_file_ref idref="fl-ca"/>
      </object_component>
      <object_component id="oc-1e2">
         <name>.debug_info</name>
         <load_address>0x7859</load_address>
         <run_address>0x7859</run_address>
         <size>0x39</size>
         <input_file_ref idref="fl-ca"/>
      </object_component>
      <object_component id="oc-1f6">
         <name>.debug_info</name>
         <load_address>0x7892</load_address>
         <run_address>0x7892</run_address>
         <size>0x39</size>
         <input_file_ref idref="fl-ca"/>
      </object_component>
      <object_component id="oc-1e7">
         <name>.debug_info</name>
         <load_address>0x78cb</load_address>
         <run_address>0x78cb</run_address>
         <size>0x39</size>
         <input_file_ref idref="fl-ca"/>
      </object_component>
      <object_component id="oc-1ec">
         <name>.debug_info</name>
         <load_address>0x7904</load_address>
         <run_address>0x7904</run_address>
         <size>0xcd</size>
         <input_file_ref idref="fl-ca"/>
      </object_component>
      <object_component id="oc-99">
         <name>.debug_info</name>
         <load_address>0x79d1</load_address>
         <run_address>0x79d1</run_address>
         <size>0x153</size>
         <input_file_ref idref="fl-cb"/>
      </object_component>
      <object_component id="oc-12d">
         <name>.debug_info</name>
         <load_address>0x7b24</load_address>
         <run_address>0x7b24</run_address>
         <size>0x122</size>
         <input_file_ref idref="fl-cd"/>
      </object_component>
      <object_component id="oc-230">
         <name>.debug_info</name>
         <load_address>0x7c46</load_address>
         <run_address>0x7c46</run_address>
         <size>0xb4</size>
      </object_component>
      <object_component id="oc-16b">
         <name>.debug_line</name>
         <load_address>0x0</load_address>
         <run_address>0x0</run_address>
         <size>0xfd</size>
         <input_file_ref idref="fl-2"/>
      </object_component>
      <object_component id="oc-189">
         <name>.debug_line</name>
         <load_address>0xfd</load_address>
         <run_address>0xfd</run_address>
         <size>0x2d</size>
         <input_file_ref idref="fl-2"/>
      </object_component>
      <object_component id="oc-a0">
         <name>.debug_line</name>
         <load_address>0x12a</load_address>
         <run_address>0x12a</run_address>
         <size>0x262</size>
         <input_file_ref idref="fl-2"/>
      </object_component>
      <object_component id="oc-73">
         <name>.debug_line</name>
         <load_address>0x38c</load_address>
         <run_address>0x38c</run_address>
         <size>0x6f</size>
         <input_file_ref idref="fl-2"/>
      </object_component>
      <object_component id="oc-16f">
         <name>.debug_line</name>
         <load_address>0x3fb</load_address>
         <run_address>0x3fb</run_address>
         <size>0x53</size>
         <input_file_ref idref="fl-2"/>
      </object_component>
      <object_component id="oc-b5">
         <name>.debug_line</name>
         <load_address>0x44e</load_address>
         <run_address>0x44e</run_address>
         <size>0x20</size>
         <input_file_ref idref="fl-2"/>
      </object_component>
      <object_component id="oc-b0">
         <name>.debug_line</name>
         <load_address>0x46e</load_address>
         <run_address>0x46e</run_address>
         <size>0x73</size>
         <input_file_ref idref="fl-2"/>
      </object_component>
      <object_component id="oc-78">
         <name>.debug_line</name>
         <load_address>0x4e1</load_address>
         <run_address>0x4e1</run_address>
         <size>0x70</size>
         <input_file_ref idref="fl-2"/>
      </object_component>
      <object_component id="oc-6f">
         <name>.debug_line</name>
         <load_address>0x551</load_address>
         <run_address>0x551</run_address>
         <size>0x41</size>
         <input_file_ref idref="fl-3"/>
      </object_component>
      <object_component id="oc-2e">
         <name>.debug_line</name>
         <load_address>0x592</load_address>
         <run_address>0x592</run_address>
         <size>0x41</size>
         <input_file_ref idref="fl-3"/>
      </object_component>
      <object_component id="oc-2c">
         <name>.debug_line</name>
         <load_address>0x5d3</load_address>
         <run_address>0x5d3</run_address>
         <size>0xa1</size>
         <input_file_ref idref="fl-3"/>
      </object_component>
      <object_component id="oc-39">
         <name>.debug_line</name>
         <load_address>0x674</load_address>
         <run_address>0x674</run_address>
         <size>0x20</size>
         <input_file_ref idref="fl-3"/>
      </object_component>
      <object_component id="oc-1c8">
         <name>.debug_line</name>
         <load_address>0x694</load_address>
         <run_address>0x694</run_address>
         <size>0x82</size>
         <input_file_ref idref="fl-9"/>
      </object_component>
      <object_component id="oc-1d1">
         <name>.debug_line</name>
         <load_address>0x716</load_address>
         <run_address>0x716</run_address>
         <size>0x7d</size>
         <input_file_ref idref="fl-9"/>
      </object_component>
      <object_component id="oc-f6">
         <name>.debug_line</name>
         <load_address>0x793</load_address>
         <run_address>0x793</run_address>
         <size>0x92</size>
         <input_file_ref idref="fl-9"/>
      </object_component>
      <object_component id="oc-17e">
         <name>.debug_line</name>
         <load_address>0x825</load_address>
         <run_address>0x825</run_address>
         <size>0x95</size>
         <input_file_ref idref="fl-9"/>
      </object_component>
      <object_component id="oc-e4">
         <name>.debug_line</name>
         <load_address>0x8ba</load_address>
         <run_address>0x8ba</run_address>
         <size>0xd1</size>
         <input_file_ref idref="fl-9"/>
      </object_component>
      <object_component id="oc-111">
         <name>.debug_line</name>
         <load_address>0x98b</load_address>
         <run_address>0x98b</run_address>
         <size>0x93</size>
         <input_file_ref idref="fl-9"/>
      </object_component>
      <object_component id="oc-d8">
         <name>.debug_line</name>
         <load_address>0xa1e</load_address>
         <run_address>0xa1e</run_address>
         <size>0x99</size>
         <input_file_ref idref="fl-9"/>
      </object_component>
      <object_component id="oc-de">
         <name>.debug_line</name>
         <load_address>0xab7</load_address>
         <run_address>0xab7</run_address>
         <size>0x93</size>
         <input_file_ref idref="fl-9"/>
      </object_component>
      <object_component id="oc-ea">
         <name>.debug_line</name>
         <load_address>0xb4a</load_address>
         <run_address>0xb4a</run_address>
         <size>0x92</size>
         <input_file_ref idref="fl-9"/>
      </object_component>
      <object_component id="oc-123">
         <name>.debug_line</name>
         <load_address>0xbdc</load_address>
         <run_address>0xbdc</run_address>
         <size>0xa7</size>
         <input_file_ref idref="fl-9"/>
      </object_component>
      <object_component id="oc-176">
         <name>.debug_line</name>
         <load_address>0xc83</load_address>
         <run_address>0xc83</run_address>
         <size>0x69</size>
         <input_file_ref idref="fl-9"/>
      </object_component>
      <object_component id="oc-1c0">
         <name>.debug_line</name>
         <load_address>0xcec</load_address>
         <run_address>0xcec</run_address>
         <size>0x13d</size>
         <input_file_ref idref="fl-b"/>
      </object_component>
      <object_component id="oc-1ce">
         <name>.debug_line</name>
         <load_address>0xe29</load_address>
         <run_address>0xe29</run_address>
         <size>0x7f</size>
         <input_file_ref idref="fl-b"/>
      </object_component>
      <object_component id="oc-d3">
         <name>.debug_line</name>
         <load_address>0xea8</load_address>
         <run_address>0xea8</run_address>
         <size>0x94</size>
         <input_file_ref idref="fl-b"/>
      </object_component>
      <object_component id="oc-cc">
         <name>.debug_line</name>
         <load_address>0xf3c</load_address>
         <run_address>0xf3c</run_address>
         <size>0xee</size>
         <input_file_ref idref="fl-b"/>
      </object_component>
      <object_component id="oc-117">
         <name>.debug_line</name>
         <load_address>0x102a</load_address>
         <run_address>0x102a</run_address>
         <size>0x11a</size>
         <input_file_ref idref="fl-b"/>
      </object_component>
      <object_component id="oc-1c4">
         <name>.debug_line</name>
         <load_address>0x1144</load_address>
         <run_address>0x1144</run_address>
         <size>0x7f</size>
         <input_file_ref idref="fl-b"/>
      </object_component>
      <object_component id="oc-1cc">
         <name>.debug_line</name>
         <load_address>0x11c3</load_address>
         <run_address>0x11c3</run_address>
         <size>0x82</size>
         <input_file_ref idref="fl-c"/>
      </object_component>
      <object_component id="oc-105">
         <name>.debug_line</name>
         <load_address>0x1245</load_address>
         <run_address>0x1245</run_address>
         <size>0x95</size>
         <input_file_ref idref="fl-c"/>
      </object_component>
      <object_component id="oc-10b">
         <name>.debug_line</name>
         <load_address>0x12da</load_address>
         <run_address>0x12da</run_address>
         <size>0x92</size>
         <input_file_ref idref="fl-c"/>
      </object_component>
      <object_component id="oc-100">
         <name>.debug_line</name>
         <load_address>0x136c</load_address>
         <run_address>0x136c</run_address>
         <size>0x92</size>
         <input_file_ref idref="fl-c"/>
      </object_component>
      <object_component id="oc-1ca">
         <name>.debug_line</name>
         <load_address>0x13fe</load_address>
         <run_address>0x13fe</run_address>
         <size>0x82</size>
         <input_file_ref idref="fl-d"/>
      </object_component>
      <object_component id="oc-129">
         <name>.debug_line</name>
         <load_address>0x1480</load_address>
         <run_address>0x1480</run_address>
         <size>0x93</size>
         <input_file_ref idref="fl-d"/>
      </object_component>
      <object_component id="oc-197">
         <name>.debug_line</name>
         <load_address>0x1513</load_address>
         <run_address>0x1513</run_address>
         <size>0x96</size>
         <input_file_ref idref="fl-d"/>
      </object_component>
      <object_component id="oc-11d">
         <name>.debug_line</name>
         <load_address>0x15a9</load_address>
         <run_address>0x15a9</run_address>
         <size>0xb3</size>
         <input_file_ref idref="fl-d"/>
      </object_component>
      <object_component id="oc-f0">
         <name>.debug_line</name>
         <load_address>0x165c</load_address>
         <run_address>0x165c</run_address>
         <size>0x93</size>
         <input_file_ref idref="fl-d"/>
      </object_component>
      <object_component id="oc-87">
         <name>.debug_line</name>
         <load_address>0x16ef</load_address>
         <run_address>0x16ef</run_address>
         <size>0x20</size>
         <input_file_ref idref="fl-c5"/>
      </object_component>
      <object_component id="oc-1f">
         <name>.debug_line</name>
         <load_address>0x170f</load_address>
         <run_address>0x170f</run_address>
         <size>0x55</size>
         <input_file_ref idref="fl-c5"/>
      </object_component>
      <object_component id="oc-44">
         <name>.debug_line</name>
         <load_address>0x1764</load_address>
         <run_address>0x1764</run_address>
         <size>0x3a</size>
         <input_file_ref idref="fl-c5"/>
      </object_component>
      <object_component id="oc-84">
         <name>.debug_line</name>
         <load_address>0x179e</load_address>
         <run_address>0x179e</run_address>
         <size>0x92</size>
         <input_file_ref idref="fl-c5"/>
      </object_component>
      <object_component id="oc-be">
         <name>.debug_line</name>
         <load_address>0x1830</load_address>
         <run_address>0x1830</run_address>
         <size>0x20</size>
         <input_file_ref idref="fl-c6"/>
      </object_component>
      <object_component id="oc-16">
         <name>.debug_line</name>
         <load_address>0x1850</load_address>
         <run_address>0x1850</run_address>
         <size>0xa9</size>
         <input_file_ref idref="fl-c6"/>
      </object_component>
      <object_component id="oc-34">
         <name>.debug_line</name>
         <load_address>0x18f9</load_address>
         <run_address>0x18f9</run_address>
         <size>0x3a</size>
         <input_file_ref idref="fl-c6"/>
      </object_component>
      <object_component id="oc-bb">
         <name>.debug_line</name>
         <load_address>0x1933</load_address>
         <run_address>0x1933</run_address>
         <size>0x9a</size>
         <input_file_ref idref="fl-c6"/>
      </object_component>
      <object_component id="oc-7d">
         <name>.debug_line</name>
         <load_address>0x19cd</load_address>
         <run_address>0x19cd</run_address>
         <size>0x96</size>
         <input_file_ref idref="fl-c6"/>
      </object_component>
      <object_component id="oc-6c">
         <name>.debug_line</name>
         <load_address>0x1a63</load_address>
         <run_address>0x1a63</run_address>
         <size>0x33</size>
         <input_file_ref idref="fl-c7"/>
      </object_component>
      <object_component id="oc-5d">
         <name>.debug_line</name>
         <load_address>0x1a96</load_address>
         <run_address>0x1a96</run_address>
         <size>0x45</size>
         <input_file_ref idref="fl-c7"/>
      </object_component>
      <object_component id="oc-3f">
         <name>.debug_line</name>
         <load_address>0x1adb</load_address>
         <run_address>0x1adb</run_address>
         <size>0x88</size>
         <input_file_ref idref="fl-c8"/>
      </object_component>
      <object_component id="oc-1e1">
         <name>.debug_line</name>
         <load_address>0x1b63</load_address>
         <run_address>0x1b63</run_address>
         <size>0xbf</size>
         <input_file_ref idref="fl-ca"/>
      </object_component>
      <object_component id="oc-139">
         <name>.debug_line</name>
         <load_address>0x1c22</load_address>
         <run_address>0x1c22</run_address>
         <size>0x6f</size>
         <input_file_ref idref="fl-ca"/>
      </object_component>
      <object_component id="oc-1e5">
         <name>.debug_line</name>
         <load_address>0x1c91</load_address>
         <run_address>0x1c91</run_address>
         <size>0x2e</size>
         <input_file_ref idref="fl-ca"/>
      </object_component>
      <object_component id="oc-1f9">
         <name>.debug_line</name>
         <load_address>0x1cbf</load_address>
         <run_address>0x1cbf</run_address>
         <size>0x9a</size>
         <input_file_ref idref="fl-ca"/>
      </object_component>
      <object_component id="oc-1ea">
         <name>.debug_line</name>
         <load_address>0x1d59</load_address>
         <run_address>0x1d59</run_address>
         <size>0x97</size>
         <input_file_ref idref="fl-ca"/>
      </object_component>
      <object_component id="oc-1ef">
         <name>.debug_line</name>
         <load_address>0x1df0</load_address>
         <run_address>0x1df0</run_address>
         <size>0x93</size>
         <input_file_ref idref="fl-ca"/>
      </object_component>
      <object_component id="oc-98">
         <name>.debug_line</name>
         <load_address>0x1e83</load_address>
         <run_address>0x1e83</run_address>
         <size>0x40</size>
         <input_file_ref idref="fl-cb"/>
      </object_component>
      <object_component id="oc-131">
         <name>.debug_line</name>
         <load_address>0x1ec3</load_address>
         <run_address>0x1ec3</run_address>
         <size>0x3c</size>
         <input_file_ref idref="fl-cd"/>
      </object_component>
      <object_component id="oc-9f">
         <name>.debug_frame</name>
         <load_address>0x0</load_address>
         <run_address>0x0</run_address>
         <size>0xbc</size>
         <input_file_ref idref="fl-2"/>
      </object_component>
      <object_component id="oc-28">
         <name>.debug_frame</name>
         <load_address>0xbc</load_address>
         <run_address>0xbc</run_address>
         <size>0x90</size>
         <input_file_ref idref="fl-3"/>
      </object_component>
      <object_component id="oc-f7">
         <name>.debug_frame</name>
         <load_address>0x354</load_address>
         <run_address>0x354</run_address>
         <size>0x7f</size>
         <input_file_ref idref="fl-9"/>
      </object_component>
      <object_component id="oc-17f">
         <name>.debug_frame</name>
         <load_address>0x3d3</load_address>
         <run_address>0x3d3</run_address>
         <size>0x7f</size>
         <input_file_ref idref="fl-9"/>
      </object_component>
      <object_component id="oc-e5">
         <name>.debug_frame</name>
         <load_address>0x452</load_address>
         <run_address>0x452</run_address>
         <size>0x8f</size>
         <input_file_ref idref="fl-9"/>
      </object_component>
      <object_component id="oc-112">
         <name>.debug_frame</name>
         <load_address>0x4e1</load_address>
         <run_address>0x4e1</run_address>
         <size>0x86</size>
         <input_file_ref idref="fl-9"/>
      </object_component>
      <object_component id="oc-d9">
         <name>.debug_frame</name>
         <load_address>0x567</load_address>
         <run_address>0x567</run_address>
         <size>0x8a</size>
         <input_file_ref idref="fl-9"/>
      </object_component>
      <object_component id="oc-df">
         <name>.debug_frame</name>
         <load_address>0x5f1</load_address>
         <run_address>0x5f1</run_address>
         <size>0x86</size>
         <input_file_ref idref="fl-9"/>
      </object_component>
      <object_component id="oc-eb">
         <name>.debug_frame</name>
         <load_address>0x677</load_address>
         <run_address>0x677</run_address>
         <size>0x7f</size>
         <input_file_ref idref="fl-9"/>
      </object_component>
      <object_component id="oc-124">
         <name>.debug_frame</name>
         <load_address>0x6f6</load_address>
         <run_address>0x6f6</run_address>
         <size>0x86</size>
         <input_file_ref idref="fl-9"/>
      </object_component>
      <object_component id="oc-cf">
         <name>.debug_frame</name>
         <load_address>0x77c</load_address>
         <run_address>0x77c</run_address>
         <size>0x7f</size>
         <input_file_ref idref="fl-b"/>
      </object_component>
      <object_component id="oc-cd">
         <name>.debug_frame</name>
         <load_address>0x7fb</load_address>
         <run_address>0x7fb</run_address>
         <size>0x93</size>
         <input_file_ref idref="fl-b"/>
      </object_component>
      <object_component id="oc-118">
         <name>.debug_frame</name>
         <load_address>0x88e</load_address>
         <run_address>0x88e</run_address>
         <size>0x8e</size>
         <input_file_ref idref="fl-b"/>
      </object_component>
      <object_component id="oc-106">
         <name>.debug_frame</name>
         <load_address>0x91c</load_address>
         <run_address>0x91c</run_address>
         <size>0x7f</size>
         <input_file_ref idref="fl-c"/>
      </object_component>
      <object_component id="oc-10c">
         <name>.debug_frame</name>
         <load_address>0x99b</load_address>
         <run_address>0x99b</run_address>
         <size>0x7f</size>
         <input_file_ref idref="fl-c"/>
      </object_component>
      <object_component id="oc-ff">
         <name>.debug_frame</name>
         <load_address>0xa1a</load_address>
         <run_address>0xa1a</run_address>
         <size>0x7f</size>
         <input_file_ref idref="fl-c"/>
      </object_component>
      <object_component id="oc-12a">
         <name>.debug_frame</name>
         <load_address>0xa99</load_address>
         <run_address>0xa99</run_address>
         <size>0x7f</size>
         <input_file_ref idref="fl-d"/>
      </object_component>
      <object_component id="oc-198">
         <name>.debug_frame</name>
         <load_address>0xb18</load_address>
         <run_address>0xb18</run_address>
         <size>0x7f</size>
         <input_file_ref idref="fl-d"/>
      </object_component>
      <object_component id="oc-11e">
         <name>.debug_frame</name>
         <load_address>0xb97</load_address>
         <run_address>0xb97</run_address>
         <size>0x8a</size>
         <input_file_ref idref="fl-d"/>
      </object_component>
      <object_component id="oc-f1">
         <name>.debug_frame</name>
         <load_address>0xc21</load_address>
         <run_address>0xc21</run_address>
         <size>0x7f</size>
         <input_file_ref idref="fl-d"/>
      </object_component>
      <object_component id="oc-20">
         <name>.debug_frame</name>
         <load_address>0x14c</load_address>
         <run_address>0x14c</run_address>
         <size>0x54</size>
         <input_file_ref idref="fl-c5"/>
      </object_component>
      <object_component id="oc-17">
         <name>.debug_frame</name>
         <load_address>0x1a0</load_address>
         <run_address>0x1a0</run_address>
         <size>0x60</size>
         <input_file_ref idref="fl-c6"/>
      </object_component>
      <object_component id="oc-5e">
         <name>.debug_frame</name>
         <load_address>0x200</load_address>
         <run_address>0x200</run_address>
         <size>0x50</size>
         <input_file_ref idref="fl-c7"/>
      </object_component>
      <object_component id="oc-13d">
         <name>.debug_frame</name>
         <load_address>0x250</load_address>
         <run_address>0x250</run_address>
         <size>0x5c</size>
         <input_file_ref idref="fl-ca"/>
      </object_component>
      <object_component id="oc-97">
         <name>.debug_frame</name>
         <load_address>0x2ac</load_address>
         <run_address>0x2ac</run_address>
         <size>0x54</size>
         <input_file_ref idref="fl-cb"/>
      </object_component>
      <object_component id="oc-130">
         <name>.debug_frame</name>
         <load_address>0x300</load_address>
         <run_address>0x300</run_address>
         <size>0x54</size>
         <input_file_ref idref="fl-cd"/>
      </object_component>
      <object_component id="oc-16a">
         <name>.debug_abbrev</name>
         <load_address>0x0</load_address>
         <run_address>0x0</run_address>
         <size>0xe6</size>
         <input_file_ref idref="fl-2"/>
      </object_component>
      <object_component id="oc-188">
         <name>.debug_abbrev</name>
         <load_address>0xe6</load_address>
         <run_address>0xe6</run_address>
         <size>0x29</size>
         <input_file_ref idref="fl-2"/>
      </object_component>
      <object_component id="oc-12b">
         <name>.debug_abbrev</name>
         <load_address>0x10f</load_address>
         <run_address>0x10f</run_address>
         <size>0xd6</size>
         <input_file_ref idref="fl-2"/>
      </object_component>
      <object_component id="oc-72">
         <name>.debug_abbrev</name>
         <load_address>0x1e5</load_address>
         <run_address>0x1e5</run_address>
         <size>0x69</size>
         <input_file_ref idref="fl-2"/>
      </object_component>
      <object_component id="oc-16e">
         <name>.debug_abbrev</name>
         <load_address>0x24e</load_address>
         <run_address>0x24e</run_address>
         <size>0xb7</size>
         <input_file_ref idref="fl-2"/>
      </object_component>
      <object_component id="oc-b4">
         <name>.debug_abbrev</name>
         <load_address>0x305</load_address>
         <run_address>0x305</run_address>
         <size>0x1f</size>
         <input_file_ref idref="fl-2"/>
      </object_component>
      <object_component id="oc-af">
         <name>.debug_abbrev</name>
         <load_address>0x324</load_address>
         <run_address>0x324</run_address>
         <size>0x5c</size>
         <input_file_ref idref="fl-2"/>
      </object_component>
      <object_component id="oc-77">
         <name>.debug_abbrev</name>
         <load_address>0x380</load_address>
         <run_address>0x380</run_address>
         <size>0x24</size>
         <input_file_ref idref="fl-2"/>
      </object_component>
      <object_component id="oc-6e">
         <name>.debug_abbrev</name>
         <load_address>0x3a4</load_address>
         <run_address>0x3a4</run_address>
         <size>0x68</size>
         <input_file_ref idref="fl-3"/>
      </object_component>
      <object_component id="oc-2d">
         <name>.debug_abbrev</name>
         <load_address>0x40c</load_address>
         <run_address>0x40c</run_address>
         <size>0x29</size>
         <input_file_ref idref="fl-3"/>
      </object_component>
      <object_component id="oc-6d">
         <name>.debug_abbrev</name>
         <load_address>0x435</load_address>
         <run_address>0x435</run_address>
         <size>0x79</size>
         <input_file_ref idref="fl-3"/>
      </object_component>
      <object_component id="oc-38">
         <name>.debug_abbrev</name>
         <load_address>0x4ae</load_address>
         <run_address>0x4ae</run_address>
         <size>0x1f</size>
         <input_file_ref idref="fl-3"/>
      </object_component>
      <object_component id="oc-1c7">
         <name>.debug_abbrev</name>
         <load_address>0x4cd</load_address>
         <run_address>0x4cd</run_address>
         <size>0x72</size>
         <input_file_ref idref="fl-9"/>
      </object_component>
      <object_component id="oc-1d0">
         <name>.debug_abbrev</name>
         <load_address>0x53f</load_address>
         <run_address>0x53f</run_address>
         <size>0x27</size>
         <input_file_ref idref="fl-9"/>
      </object_component>
      <object_component id="oc-187">
         <name>.debug_abbrev</name>
         <load_address>0x566</load_address>
         <run_address>0x566</run_address>
         <size>0x6c</size>
         <input_file_ref idref="fl-9"/>
      </object_component>
      <object_component id="oc-1c6">
         <name>.debug_abbrev</name>
         <load_address>0x5d2</load_address>
         <run_address>0x5d2</run_address>
         <size>0x6c</size>
         <input_file_ref idref="fl-9"/>
      </object_component>
      <object_component id="oc-183">
         <name>.debug_abbrev</name>
         <load_address>0x63e</load_address>
         <run_address>0x63e</run_address>
         <size>0x6c</size>
         <input_file_ref idref="fl-9"/>
      </object_component>
      <object_component id="oc-18e">
         <name>.debug_abbrev</name>
         <load_address>0x6aa</load_address>
         <run_address>0x6aa</run_address>
         <size>0x6c</size>
         <input_file_ref idref="fl-9"/>
      </object_component>
      <object_component id="oc-180">
         <name>.debug_abbrev</name>
         <load_address>0x716</load_address>
         <run_address>0x716</run_address>
         <size>0x7a</size>
         <input_file_ref idref="fl-9"/>
      </object_component>
      <object_component id="oc-182">
         <name>.debug_abbrev</name>
         <load_address>0x790</load_address>
         <run_address>0x790</run_address>
         <size>0x6c</size>
         <input_file_ref idref="fl-9"/>
      </object_component>
      <object_component id="oc-184">
         <name>.debug_abbrev</name>
         <load_address>0x7fc</load_address>
         <run_address>0x7fc</run_address>
         <size>0x6e</size>
         <input_file_ref idref="fl-9"/>
      </object_component>
      <object_component id="oc-19d">
         <name>.debug_abbrev</name>
         <load_address>0x86a</load_address>
         <run_address>0x86a</run_address>
         <size>0x6c</size>
         <input_file_ref idref="fl-9"/>
      </object_component>
      <object_component id="oc-175">
         <name>.debug_abbrev</name>
         <load_address>0x8d6</load_address>
         <run_address>0x8d6</run_address>
         <size>0x35</size>
         <input_file_ref idref="fl-9"/>
      </object_component>
      <object_component id="oc-1bf">
         <name>.debug_abbrev</name>
         <load_address>0x90b</load_address>
         <run_address>0x90b</run_address>
         <size>0xb0</size>
         <input_file_ref idref="fl-b"/>
      </object_component>
      <object_component id="oc-1cd">
         <name>.debug_abbrev</name>
         <load_address>0x9bb</load_address>
         <run_address>0x9bb</run_address>
         <size>0x27</size>
         <input_file_ref idref="fl-b"/>
      </object_component>
      <object_component id="oc-179">
         <name>.debug_abbrev</name>
         <load_address>0x9e2</load_address>
         <run_address>0x9e2</run_address>
         <size>0x6c</size>
         <input_file_ref idref="fl-b"/>
      </object_component>
      <object_component id="oc-172">
         <name>.debug_abbrev</name>
         <load_address>0xa4e</load_address>
         <run_address>0xa4e</run_address>
         <size>0x7a</size>
         <input_file_ref idref="fl-b"/>
      </object_component>
      <object_component id="oc-192">
         <name>.debug_abbrev</name>
         <load_address>0xac8</load_address>
         <run_address>0xac8</run_address>
         <size>0x60</size>
         <input_file_ref idref="fl-b"/>
      </object_component>
      <object_component id="oc-1c3">
         <name>.debug_abbrev</name>
         <load_address>0xb28</load_address>
         <run_address>0xb28</run_address>
         <size>0x49</size>
         <input_file_ref idref="fl-b"/>
      </object_component>
      <object_component id="oc-1cb">
         <name>.debug_abbrev</name>
         <load_address>0xb71</load_address>
         <run_address>0xb71</run_address>
         <size>0x5e</size>
         <input_file_ref idref="fl-c"/>
      </object_component>
      <object_component id="oc-18b">
         <name>.debug_abbrev</name>
         <load_address>0xbcf</load_address>
         <run_address>0xbcf</run_address>
         <size>0x6c</size>
         <input_file_ref idref="fl-c"/>
      </object_component>
      <object_component id="oc-18d">
         <name>.debug_abbrev</name>
         <load_address>0xc3b</load_address>
         <run_address>0xc3b</run_address>
         <size>0x50</size>
         <input_file_ref idref="fl-c"/>
      </object_component>
      <object_component id="oc-18a">
         <name>.debug_abbrev</name>
         <load_address>0xc8b</load_address>
         <run_address>0xc8b</run_address>
         <size>0x50</size>
         <input_file_ref idref="fl-c"/>
      </object_component>
      <object_component id="oc-1c9">
         <name>.debug_abbrev</name>
         <load_address>0xcdb</load_address>
         <run_address>0xcdb</run_address>
         <size>0x72</size>
         <input_file_ref idref="fl-d"/>
      </object_component>
      <object_component id="oc-19e">
         <name>.debug_abbrev</name>
         <load_address>0xd4d</load_address>
         <run_address>0xd4d</run_address>
         <size>0x6c</size>
         <input_file_ref idref="fl-d"/>
      </object_component>
      <object_component id="oc-1cf">
         <name>.debug_abbrev</name>
         <load_address>0xdb9</load_address>
         <run_address>0xdb9</run_address>
         <size>0x6c</size>
         <input_file_ref idref="fl-d"/>
      </object_component>
      <object_component id="oc-199">
         <name>.debug_abbrev</name>
         <load_address>0xe25</load_address>
         <run_address>0xe25</run_address>
         <size>0x7a</size>
         <input_file_ref idref="fl-d"/>
      </object_component>
      <object_component id="oc-185">
         <name>.debug_abbrev</name>
         <load_address>0xe9f</load_address>
         <run_address>0xe9f</run_address>
         <size>0x6c</size>
         <input_file_ref idref="fl-d"/>
      </object_component>
      <object_component id="oc-86">
         <name>.debug_abbrev</name>
         <load_address>0xf0b</load_address>
         <run_address>0xf0b</run_address>
         <size>0x37</size>
         <input_file_ref idref="fl-c5"/>
      </object_component>
      <object_component id="oc-40">
         <name>.debug_abbrev</name>
         <load_address>0xf42</load_address>
         <run_address>0xf42</run_address>
         <size>0x74</size>
         <input_file_ref idref="fl-c5"/>
      </object_component>
      <object_component id="oc-43">
         <name>.debug_abbrev</name>
         <load_address>0xfb6</load_address>
         <run_address>0xfb6</run_address>
         <size>0x24</size>
         <input_file_ref idref="fl-c5"/>
      </object_component>
      <object_component id="oc-83">
         <name>.debug_abbrev</name>
         <load_address>0xfda</load_address>
         <run_address>0xfda</run_address>
         <size>0x24</size>
         <input_file_ref idref="fl-c5"/>
      </object_component>
      <object_component id="oc-bd">
         <name>.debug_abbrev</name>
         <load_address>0xffe</load_address>
         <run_address>0xffe</run_address>
         <size>0x37</size>
         <input_file_ref idref="fl-c6"/>
      </object_component>
      <object_component id="oc-30">
         <name>.debug_abbrev</name>
         <load_address>0x1035</load_address>
         <run_address>0x1035</run_address>
         <size>0x6f</size>
         <input_file_ref idref="fl-c6"/>
      </object_component>
      <object_component id="oc-33">
         <name>.debug_abbrev</name>
         <load_address>0x10a4</load_address>
         <run_address>0x10a4</run_address>
         <size>0x24</size>
         <input_file_ref idref="fl-c6"/>
      </object_component>
      <object_component id="oc-ba">
         <name>.debug_abbrev</name>
         <load_address>0x10c8</load_address>
         <run_address>0x10c8</run_address>
         <size>0x35</size>
         <input_file_ref idref="fl-c6"/>
      </object_component>
      <object_component id="oc-7c">
         <name>.debug_abbrev</name>
         <load_address>0x10fd</load_address>
         <run_address>0x10fd</run_address>
         <size>0x24</size>
         <input_file_ref idref="fl-c6"/>
      </object_component>
      <object_component id="oc-6b">
         <name>.debug_abbrev</name>
         <load_address>0x1121</load_address>
         <run_address>0x1121</run_address>
         <size>0x29</size>
         <input_file_ref idref="fl-c7"/>
      </object_component>
      <object_component id="oc-a4">
         <name>.debug_abbrev</name>
         <load_address>0x114a</load_address>
         <run_address>0x114a</run_address>
         <size>0x55</size>
         <input_file_ref idref="fl-c7"/>
      </object_component>
      <object_component id="oc-80">
         <name>.debug_abbrev</name>
         <load_address>0x119f</load_address>
         <run_address>0x119f</run_address>
         <size>0x3e</size>
         <input_file_ref idref="fl-c8"/>
      </object_component>
      <object_component id="oc-1e0">
         <name>.debug_abbrev</name>
         <load_address>0x11dd</load_address>
         <run_address>0x11dd</run_address>
         <size>0xc0</size>
         <input_file_ref idref="fl-ca"/>
      </object_component>
      <object_component id="oc-1a9">
         <name>.debug_abbrev</name>
         <load_address>0x129d</load_address>
         <run_address>0x129d</run_address>
         <size>0x7e</size>
         <input_file_ref idref="fl-ca"/>
      </object_component>
      <object_component id="oc-1e4">
         <name>.debug_abbrev</name>
         <load_address>0x131b</load_address>
         <run_address>0x131b</run_address>
         <size>0x24</size>
         <input_file_ref idref="fl-ca"/>
      </object_component>
      <object_component id="oc-1f8">
         <name>.debug_abbrev</name>
         <load_address>0x133f</load_address>
         <run_address>0x133f</run_address>
         <size>0x24</size>
         <input_file_ref idref="fl-ca"/>
      </object_component>
      <object_component id="oc-1e9">
         <name>.debug_abbrev</name>
         <load_address>0x1363</load_address>
         <run_address>0x1363</run_address>
         <size>0x24</size>
         <input_file_ref idref="fl-ca"/>
      </object_component>
      <object_component id="oc-1ee">
         <name>.debug_abbrev</name>
         <load_address>0x1387</load_address>
         <run_address>0x1387</run_address>
         <size>0x4b</size>
         <input_file_ref idref="fl-ca"/>
      </object_component>
      <object_component id="oc-c7">
         <name>.debug_abbrev</name>
         <load_address>0x13d2</load_address>
         <run_address>0x13d2</run_address>
         <size>0x55</size>
         <input_file_ref idref="fl-cb"/>
      </object_component>
      <object_component id="oc-19f">
         <name>.debug_abbrev</name>
         <load_address>0x1427</load_address>
         <run_address>0x1427</run_address>
         <size>0x45</size>
         <input_file_ref idref="fl-cd"/>
      </object_component>
      <object_component id="oc-231">
         <name>.debug_abbrev</name>
         <load_address>0x146c</load_address>
         <run_address>0x146c</run_address>
         <size>0xf</size>
      </object_component>
      <object_component id="oc-74">
         <name>.debug_str</name>
         <load_address>0x0</load_address>
         <run_address>0x0</run_address>
         <size>0x2c5</size>
         <input_file_ref idref="fl-2"/>
      </object_component>
      <object_component id="oc-170">
         <name>.debug_str</name>
         <load_address>0x2c5</load_address>
         <run_address>0x2c5</run_address>
         <size>0x415</size>
         <input_file_ref idref="fl-2"/>
      </object_component>
      <object_component id="oc-b6">
         <name>.debug_str</name>
         <load_address>0x6da</load_address>
         <run_address>0x6da</run_address>
         <size>0xfd</size>
         <input_file_ref idref="fl-2"/>
      </object_component>
      <object_component id="oc-b1">
         <name>.debug_str</name>
         <load_address>0x7d7</load_address>
         <run_address>0x7d7</run_address>
         <size>0x35b</size>
         <input_file_ref idref="fl-2"/>
      </object_component>
      <object_component id="oc-79">
         <name>.debug_str</name>
         <load_address>0xb32</load_address>
         <run_address>0xb32</run_address>
         <size>0x15d</size>
         <input_file_ref idref="fl-2"/>
      </object_component>
      <object_component id="oc-3a">
         <name>.debug_str</name>
         <load_address>0xc8f</load_address>
         <run_address>0xc8f</run_address>
         <size>0xfd</size>
         <input_file_ref idref="fl-3"/>
      </object_component>
      <object_component id="oc-177">
         <name>.debug_str</name>
         <load_address>0xd8c</load_address>
         <run_address>0xd8c</run_address>
         <size>0x241</size>
         <input_file_ref idref="fl-9"/>
      </object_component>
      <object_component id="oc-1c5">
         <name>.debug_str</name>
         <load_address>0xfcd</load_address>
         <run_address>0xfcd</run_address>
         <size>0x141</size>
         <input_file_ref idref="fl-b"/>
      </object_component>
      <object_component id="oc-45">
         <name>.debug_str</name>
         <load_address>0x110e</load_address>
         <run_address>0x110e</run_address>
         <size>0x10b</size>
         <input_file_ref idref="fl-c5"/>
      </object_component>
      <object_component id="oc-85">
         <name>.debug_str</name>
         <load_address>0x1219</load_address>
         <run_address>0x1219</run_address>
         <size>0x140</size>
         <input_file_ref idref="fl-c5"/>
      </object_component>
      <object_component id="oc-35">
         <name>.debug_str</name>
         <load_address>0x1359</load_address>
         <run_address>0x1359</run_address>
         <size>0x118</size>
         <input_file_ref idref="fl-c6"/>
      </object_component>
      <object_component id="oc-bc">
         <name>.debug_str</name>
         <load_address>0x1471</load_address>
         <run_address>0x1471</run_address>
         <size>0x16b</size>
         <input_file_ref idref="fl-c6"/>
      </object_component>
      <object_component id="oc-7e">
         <name>.debug_str</name>
         <load_address>0x15dc</load_address>
         <run_address>0x15dc</run_address>
         <size>0x158</size>
         <input_file_ref idref="fl-c6"/>
      </object_component>
      <object_component id="oc-1e6">
         <name>.debug_str</name>
         <load_address>0x1734</load_address>
         <run_address>0x1734</run_address>
         <size>0xed</size>
         <input_file_ref idref="fl-ca"/>
      </object_component>
      <object_component id="oc-1fa">
         <name>.debug_str</name>
         <load_address>0x1821</load_address>
         <run_address>0x1821</run_address>
         <size>0x157</size>
         <input_file_ref idref="fl-ca"/>
      </object_component>
      <object_component id="oc-1eb">
         <name>.debug_str</name>
         <load_address>0x1978</load_address>
         <run_address>0x1978</run_address>
         <size>0x150</size>
         <input_file_ref idref="fl-ca"/>
      </object_component>
      <object_component id="oc-1f0">
         <name>.debug_str</name>
         <load_address>0x1ac8</load_address>
         <run_address>0x1ac8</run_address>
         <size>0x197</size>
         <input_file_ref idref="fl-ca"/>
      </object_component>
      <object_component id="oc-9d">
         <name>.debug_aranges</name>
         <load_address>0x0</load_address>
         <run_address>0x0</run_address>
         <size>0x40</size>
         <input_file_ref idref="fl-2"/>
      </object_component>
      <object_component id="oc-2a">
         <name>.debug_aranges</name>
         <load_address>0x40</load_address>
         <run_address>0x40</run_address>
         <size>0x38</size>
         <input_file_ref idref="fl-3"/>
      </object_component>
      <object_component id="oc-f4">
         <name>.debug_aranges</name>
         <load_address>0x78</load_address>
         <run_address>0x78</run_address>
         <size>0x20</size>
         <input_file_ref idref="fl-9"/>
      </object_component>
      <object_component id="oc-17c">
         <name>.debug_aranges</name>
         <load_address>0x98</load_address>
         <run_address>0x98</run_address>
         <size>0x20</size>
         <input_file_ref idref="fl-9"/>
      </object_component>
      <object_component id="oc-e2">
         <name>.debug_aranges</name>
         <load_address>0xb8</load_address>
         <run_address>0xb8</run_address>
         <size>0x20</size>
         <input_file_ref idref="fl-9"/>
      </object_component>
      <object_component id="oc-10f">
         <name>.debug_aranges</name>
         <load_address>0xd8</load_address>
         <run_address>0xd8</run_address>
         <size>0x20</size>
         <input_file_ref idref="fl-9"/>
      </object_component>
      <object_component id="oc-d6">
         <name>.debug_aranges</name>
         <load_address>0xf8</load_address>
         <run_address>0xf8</run_address>
         <size>0x20</size>
         <input_file_ref idref="fl-9"/>
      </object_component>
      <object_component id="oc-dc">
         <name>.debug_aranges</name>
         <load_address>0x118</load_address>
         <run_address>0x118</run_address>
         <size>0x20</size>
         <input_file_ref idref="fl-9"/>
      </object_component>
      <object_component id="oc-e8">
         <name>.debug_aranges</name>
         <load_address>0x138</load_address>
         <run_address>0x138</run_address>
         <size>0x20</size>
         <input_file_ref idref="fl-9"/>
      </object_component>
      <object_component id="oc-121">
         <name>.debug_aranges</name>
         <load_address>0x158</load_address>
         <run_address>0x158</run_address>
         <size>0x20</size>
         <input_file_ref idref="fl-9"/>
      </object_component>
      <object_component id="oc-d1">
         <name>.debug_aranges</name>
         <load_address>0x178</load_address>
         <run_address>0x178</run_address>
         <size>0x20</size>
         <input_file_ref idref="fl-b"/>
      </object_component>
      <object_component id="oc-ca">
         <name>.debug_aranges</name>
         <load_address>0x198</load_address>
         <run_address>0x198</run_address>
         <size>0x20</size>
         <input_file_ref idref="fl-b"/>
      </object_component>
      <object_component id="oc-115">
         <name>.debug_aranges</name>
         <load_address>0x1b8</load_address>
         <run_address>0x1b8</run_address>
         <size>0x20</size>
         <input_file_ref idref="fl-b"/>
      </object_component>
      <object_component id="oc-103">
         <name>.debug_aranges</name>
         <load_address>0x1d8</load_address>
         <run_address>0x1d8</run_address>
         <size>0x20</size>
         <input_file_ref idref="fl-c"/>
      </object_component>
      <object_component id="oc-10a">
         <name>.debug_aranges</name>
         <load_address>0x1f8</load_address>
         <run_address>0x1f8</run_address>
         <size>0x20</size>
         <input_file_ref idref="fl-c"/>
      </object_component>
      <object_component id="oc-fe">
         <name>.debug_aranges</name>
         <load_address>0x218</load_address>
         <run_address>0x218</run_address>
         <size>0x20</size>
         <input_file_ref idref="fl-c"/>
      </object_component>
      <object_component id="oc-127">
         <name>.debug_aranges</name>
         <load_address>0x238</load_address>
         <run_address>0x238</run_address>
         <size>0x20</size>
         <input_file_ref idref="fl-d"/>
      </object_component>
      <object_component id="oc-195">
         <name>.debug_aranges</name>
         <load_address>0x258</load_address>
         <run_address>0x258</run_address>
         <size>0x20</size>
         <input_file_ref idref="fl-d"/>
      </object_component>
      <object_component id="oc-11b">
         <name>.debug_aranges</name>
         <load_address>0x278</load_address>
         <run_address>0x278</run_address>
         <size>0x20</size>
         <input_file_ref idref="fl-d"/>
      </object_component>
      <object_component id="oc-ef">
         <name>.debug_aranges</name>
         <load_address>0x298</load_address>
         <run_address>0x298</run_address>
         <size>0x20</size>
         <input_file_ref idref="fl-d"/>
      </object_component>
      <object_component id="oc-1e">
         <name>.debug_aranges</name>
         <load_address>0x2b8</load_address>
         <run_address>0x2b8</run_address>
         <size>0x20</size>
         <input_file_ref idref="fl-c5"/>
      </object_component>
      <object_component id="oc-1a">
         <name>.debug_aranges</name>
         <load_address>0x2d8</load_address>
         <run_address>0x2d8</run_address>
         <size>0x20</size>
         <input_file_ref idref="fl-c6"/>
      </object_component>
      <object_component id="oc-5b">
         <name>.debug_aranges</name>
         <load_address>0x2f8</load_address>
         <run_address>0x2f8</run_address>
         <size>0x20</size>
         <input_file_ref idref="fl-c7"/>
      </object_component>
      <object_component id="oc-3e">
         <name>.debug_aranges</name>
         <load_address>0x318</load_address>
         <run_address>0x318</run_address>
         <size>0x20</size>
         <input_file_ref idref="fl-c8"/>
      </object_component>
      <object_component id="oc-13b">
         <name>.debug_aranges</name>
         <load_address>0x338</load_address>
         <run_address>0x338</run_address>
         <size>0x20</size>
         <input_file_ref idref="fl-ca"/>
      </object_component>
      <object_component id="oc-96">
         <name>.debug_aranges</name>
         <load_address>0x358</load_address>
         <run_address>0x358</run_address>
         <size>0x20</size>
         <input_file_ref idref="fl-cb"/>
      </object_component>
      <object_component id="oc-12f">
         <name>.debug_aranges</name>
         <load_address>0x378</load_address>
         <run_address>0x378</run_address>
         <size>0x20</size>
         <input_file_ref idref="fl-cd"/>
      </object_component>
      <object_component id="oc-fa">
         <name>.debug_pubnames</name>
         <load_address>0x0</load_address>
         <run_address>0x0</run_address>
         <size>0x8b</size>
         <input_file_ref idref="fl-2"/>
      </object_component>
      <object_component id="oc-9e">
         <name>.debug_pubnames</name>
         <load_address>0x8b</load_address>
         <run_address>0x8b</run_address>
         <size>0x4e</size>
         <input_file_ref idref="fl-2"/>
      </object_component>
      <object_component id="oc-14">
         <name>.debug_pubnames</name>
         <load_address>0xd9</load_address>
         <run_address>0xd9</run_address>
         <size>0x23</size>
         <input_file_ref idref="fl-3"/>
      </object_component>
      <object_component id="oc-2b">
         <name>.debug_pubnames</name>
         <load_address>0xfc</load_address>
         <run_address>0xfc</run_address>
         <size>0x4c</size>
         <input_file_ref idref="fl-3"/>
      </object_component>
      <object_component id="oc-19c">
         <name>.debug_pubnames</name>
         <load_address>0x148</load_address>
         <run_address>0x148</run_address>
         <size>0x2b</size>
         <input_file_ref idref="fl-9"/>
      </object_component>
      <object_component id="oc-f5">
         <name>.debug_pubnames</name>
         <load_address>0x173</load_address>
         <run_address>0x173</run_address>
         <size>0x23</size>
         <input_file_ref idref="fl-9"/>
      </object_component>
      <object_component id="oc-17d">
         <name>.debug_pubnames</name>
         <load_address>0x196</load_address>
         <run_address>0x196</run_address>
         <size>0x25</size>
         <input_file_ref idref="fl-9"/>
      </object_component>
      <object_component id="oc-e3">
         <name>.debug_pubnames</name>
         <load_address>0x1bb</load_address>
         <run_address>0x1bb</run_address>
         <size>0x27</size>
         <input_file_ref idref="fl-9"/>
      </object_component>
      <object_component id="oc-110">
         <name>.debug_pubnames</name>
         <load_address>0x1e2</load_address>
         <run_address>0x1e2</run_address>
         <size>0x26</size>
         <input_file_ref idref="fl-9"/>
      </object_component>
      <object_component id="oc-d7">
         <name>.debug_pubnames</name>
         <load_address>0x208</load_address>
         <run_address>0x208</run_address>
         <size>0x2c</size>
         <input_file_ref idref="fl-9"/>
      </object_component>
      <object_component id="oc-dd">
         <name>.debug_pubnames</name>
         <load_address>0x234</load_address>
         <run_address>0x234</run_address>
         <size>0x2b</size>
         <input_file_ref idref="fl-9"/>
      </object_component>
      <object_component id="oc-e9">
         <name>.debug_pubnames</name>
         <load_address>0x25f</load_address>
         <run_address>0x25f</run_address>
         <size>0x22</size>
         <input_file_ref idref="fl-9"/>
      </object_component>
      <object_component id="oc-122">
         <name>.debug_pubnames</name>
         <load_address>0x281</load_address>
         <run_address>0x281</run_address>
         <size>0x27</size>
         <input_file_ref idref="fl-9"/>
      </object_component>
      <object_component id="oc-191">
[...]
         </contents>
      </logical_group>
      <logical_group id="lg-21b" display="never" color="cyan">
         <name>.debug_str</name>
         <load_address>0x0</load_address>
         <run_address>0x0</run_address>
         <size>0x1c5f</size>
         <contents>
            <object_component_ref idref="oc-74"/>
            <object_component_ref idref="oc-170"/>
            <object_component_ref idref="oc-b6"/>
            <object_component_ref idref="oc-b1"/>
            <object_component_ref idref="oc-79"/>
            <object_component_ref idref="oc-3a"/>
            <object_component_ref idref="oc-177"/>
            <object_component_ref idref="oc-1c5"/>
            <object_component_ref idref="oc-45"/>
            <object_component_ref idref="oc-85"/>
            <object_component_ref idref="oc-35"/>
            <object_component_ref idref="oc-bc"/>
            <object_component_ref idref="oc-7e"/>
            <object_component_ref idref="oc-1e6"/>
            <object_component_ref idref="oc-1fa"/>
            <object_component_ref idref="oc-1eb"/>
            <object_component_ref idref="oc-1f0"/>
         </contents>
      </logical_group>
      <logical_group id="lg-21d" display="never" color="cyan">
         <name>.debug_aranges</name>
         <load_address>0x0</load_address>
         <run_address>0x0</run_address>
         <size>0x398</size>
         <contents>
            <object_component_ref idref="oc-9d"/>
            <object_component_ref idref="oc-2a"/>
            <object_component_ref idref="oc-f4"/>
            <object_component_ref idref="oc-17c"/>
            <object_component_ref idref="oc-e2"/>
            <object_component_ref idref="oc-10f"/>
            <object_component_ref idref="oc-d6"/>
            <object_component_ref idref="oc-dc"/>
            <object_component_ref idref="oc-e8"/>
            <object_component_ref idref="oc-121"/>
            <object_component_ref idref="oc-d1"/>
            <object_component_ref idref="oc-ca"/>
            <object_component_ref idref="oc-115"/>
            <object_component_ref idref="oc-103"/>
            <object_component_ref idref="oc-10a"/>
            <object_component_ref idref="oc-fe"/>
            <object_component_ref idref="oc-127"/>
            <object_component_ref idref="oc-195"/>
            <object_component_ref idref="oc-11b"/>
            <object_component_ref idref="oc-ef"/>
            <object_component_ref idref="oc-1e"/>
            <object_component_ref idref="oc-1a"/>
            <object_component_ref idref="oc-5b"/>
            <object_component_ref idref="oc-3e"/>
            <object_component_ref idref="oc-13b"/>
            <object_component_ref idref="oc-96"/>
            <object_component_ref idref="oc-12f"/>
         </contents>
      </logical_group>
      <logical_group id="lg-21f" display="never" color="cyan">
         <name>.debug_pubnames</name>
         <load_address>0x0</load_address>
         <run_address>0x0</run_address>
         <size>0x570</size>
         <contents>
            <object_component_ref idref="oc-fa"/>
            <object_component_ref idref="oc-9e"/>
            <object_component_ref idref="oc-14"/>
            <object_component_ref idref="oc-2b"/>
            <object_component_ref idref="oc-19c"/>
            <object_component_ref idref="oc-f5"/>
            <object_component_ref idref="oc-17d"/>
            <object_component_ref idref="oc-e3"/>
            <object_component_ref idref="oc-110"/>
            <object_component_ref idref="oc-d7"/>
            <object_component_ref idref="oc-dd"/>
            <object_component_ref idref="oc-e9"/>
            <object_component_ref idref="oc-122"/>
            <object_component_ref idref="oc-191"/>
            <object_component_ref idref="oc-d2"/>
            <object_component_ref idref="oc-cb"/>
            <object_component_ref idref="oc-116"/>
            <object_component_ref idref="oc-104"/>
            <object_component_ref idref="oc-109"/>
            <object_component_ref idref="oc-fd"/>
            <object_component_ref idref="oc-128"/>
            <object_component_ref idref="oc-196"/>
            <object_component_ref idref="oc-11c"/>
            <object_component_ref idref="oc-ee"/>
            <object_component_ref idref="oc-1d"/>
            <object_component_ref idref="oc-19"/>
            <object_component_ref idref="oc-26"/>
            <object_component_ref idref="oc-5c"/>
            <object_component_ref idref="oc-3d"/>
            <object_component_ref idref="oc-13c"/>
            <object_component_ref idref="oc-9a"/>
            <object_component_ref idref="oc-12e"/>
         </contents>
      </logical_group>
      <logical_group id="lg-221" display="never" color="cyan">
         <name>.debug_pubtypes</name>
         <load_address>0x0</load_address>
         <run_address>0x0</run_address>
         <size>0xd1d</size>
         <contents>
            <object_component_ref idref="oc-71"/>
            <object_component_ref idref="oc-16d"/>
            <object_component_ref idref="oc-b3"/>
            <object_component_ref idref="oc-ae"/>
            <object_component_ref idref="oc-76"/>
            <object_component_ref idref="oc-37"/>
            <object_component_ref idref="oc-174"/>
            <object_component_ref idref="oc-1c2"/>
            <object_component_ref idref="oc-42"/>
            <object_component_ref idref="oc-82"/>
            <object_component_ref idref="oc-32"/>
            <object_component_ref idref="oc-b9"/>
            <object_component_ref idref="oc-7b"/>
            <object_component_ref idref="oc-1e3"/>
            <object_component_ref idref="oc-1f7"/>
            <object_component_ref idref="oc-1e8"/>
            <object_component_ref idref="oc-1ed"/>
         </contents>
      </logical_group>
      <logical_group id="lg-22e" display="no" color="cyan">
         <name>Veneer$$CMSE</name>
         <run_address>0x0</run_address>
         <size>0x0</size>
         <contents>
         </contents>
      </logical_group>
      <load_segment id="lg-235" display="no" color="cyan">
         <name>SEGMENT_0</name>
         <load_address>0x0</load_address>
         <run_address>0x0</run_address>
         <size>0xf58</size>
         <flags>0x5</flags>
         <contents>
            <logical_group_ref idref="lg-3"/>
            <logical_group_ref idref="lg-4"/>
            <logical_group_ref idref="lg-5"/>
            <logical_group_ref idref="lg-6"/>
         </contents>
      </load_segment>
      <load_segment id="lg-236" display="no" color="cyan">
         <name>SEGMENT_1</name>
         <run_address>0x20000000</run_address>
         <size>0x20d</size>
         <flags>0x6</flags>
         <contents>
            <logical_group_ref idref="lg-d"/>
            <logical_group_ref idref="lg-a"/>
         </contents>
      </load_segment>
   </logical_group_list>
   <placement_map>
      <memory_area display="yes" color="green">
         <name>FLASH</name>
         <page_id>0x0</page_id>
         <origin>0x0</origin>
         <length>0x40000</length>
         <used_space>0xf52</used_space>
         <unused_space>0x3f0ae</unused_space>
         <attributes>RX</attributes>
         <usage_details>
            <allocated_space>
               <start_address>0x0</start_address>
               <size>0x26c</size>
               <logical_group_ref idref="lg-3"/>
            </allocated_space>
            <allocated_space>
               <start_address>0x26c</start_address>
               <size>0xbd2</size>
               <logical_group_ref idref="lg-4"/>
            </allocated_space>
            <available_space>
               <start_address>0xe3e</start_address>
               <size>0x2</size>
            </available_space>
            <allocated_space>
               <start_address>0xe40</start_address>
               <size>0xfc</size>
               <logical_group_ref idref="lg-5"/>
            </allocated_space>
            <available_space>
               <start_address>0xf3c</start_address>
               <size>0x4</size>
            </available_space>
            <allocated_space>
               <start_address>0xf40</start_address>
               <size>0x18</size>
               <logical_group_ref idref="lg-6"/>
            </allocated_space>
            <available_space>
               <start_address>0xf58</start_address>
               <size>0x3f0a8</size>
            </available_space>
         </usage_details>
      </memory_area>
      <memory_area display="yes" color="green">
         <name>SRAM</name>
         <page_id>0x0</page_id>
         <origin>0x20000000</origin>
         <length>0x8000</length>
         <used_space>0x20d</used_space>
         <unused_space>0x7df3</unused_space>
         <attributes>RWX</attributes>
         <usage_details>
            <allocated_space>
               <start_address>0x20000000</start_address>
               <size>0x0</size>
               <logical_group_ref idref="lg-204"/>
            </allocated_space>
            <allocated_space>
               <start_address>0x20000000</start_address>
               <size>0x200</size>
               <logical_group_ref idref="lg-d"/>
            </allocated_space>
            <allocated_space>
               <start_address>0x20000200</start_address>
               <size>0xd</size>
               <logical_group_ref idref="lg-a"/>
            </allocated_space>
            <available_space>
               <start_address>0x2000020d</start_address>
               <size>0x7df3</size>
            </available_space>
         </usage_details>
      </memory_area>
   </placement_map>
   <cptbl_list>
      <cptbl>
         <name>__TI_cinit_table</name>
         <cprec>
            <name>.data</name>
            <load_address>0xf40</load_address>
            <load_size>0x8</load_size>
            <run_address>0x20000200</run_address>
            <run_size>0xd</run_size>
            <compression>lzss</compression>
         </cprec>
      </cptbl>
   </cptbl_list>
   <handler_table>
      <handler_table_name>__TI_handler_table</handler_table_name>
      <handler>
         <index>0x0</index>
         <name>__TI_decompress_lzss</name>
      </handler>
      <handler>
         <index>0x1</index>
         <name>__TI_decompress_none</name>
      </handler>
   </handler_table>
   <symbol_table>
      <symbol id="sm-1">
         <name>__STACK_TOP</name>
         <value>0x20000200</value>
      </symbol>
      <symbol id="sm-2">
         <name>__start___llvm_prf_cnts</name>
         <value>0x20000000</value>
      </symbol>
      <symbol id="sm-3">
         <name>__stop___llvm_prf_cnts</name>
         <value>0x20000000</value>
      </symbol>
      <symbol id="sm-4">
         <name>__TI_CINIT_Base</name>
         <value>0xf50</value>
      </symbol>
      <symbol id="sm-5">
         <name>__TI_CINIT_Limit</name>
         <value>0xf58</value>
      </symbol>
      <symbol id="sm-6">
         <name>__TI_Handler_Table_Base</name>
         <value>0xf48</value>
      </symbol>
      <symbol id="sm-7">
         <name>__TI_Handler_Table_Limit</name>
         <value>0xf50</value>
      </symbol>
      <symbol id="sm-8">
         <name>binit</name>
         <value>0xffffffff</value>
      </symbol>
      <symbol id="sm-9">
         <name>__binit__</name>
         <value>0xffffffff</value>
      </symbol>
      <symbol id="sm-a">
         <name>__STACK_SIZE</name>
         <value>0x200</value>
      </symbol>
      <symbol id="sm-b">
         <name>__STACK_END</name>
         <value>0x20000200</value>
      </symbol>
      <symbol id="sm-c">
         <name>__c_args__</name>
         <value>0xffffffff</value>
      </symbol>
      <symbol id="sm-d">
         <name>__TI_pprof_out_hndl</name>
         <value>0xffffffff</value>
      </symbol>
      <symbol id="sm-e">
         <name>__TI_prof_data_start</name>
         <value>0xffffffff</value>
      </symbol>
      <symbol id="sm-f">
         <name>__TI_prof_data_size</name>
         <value>0xffffffff</value>
      </symbol>
      <symbol id="sm-a0">
         <name>InitUART0</name>
         <value>0x72d</value>
         <object_component_ref idref="oc-9b"/>
      </symbol>
      <symbol id="sm-a1">
         <name>InitUART1</name>
         <value>0x753</value>
         <object_component_ref idref="oc-9b"/>
      </symbol>
      <symbol id="sm-a2">
         <name>i</name>
         <value>0x20000200</value>
         <object_component_ref idref="oc-f8"/>
      </symbol>
      <symbol id="sm-a3">
         <name>main</name>
         <value>0x26d</value>
         <object_component_ref idref="oc-9b"/>
      </symbol>
      <symbol id="sm-a4">
         <name>delay</name>
         <value>0x6f9</value>
         <object_component_ref idref="oc-9b"/>
      </symbol>
      <symbol id="sm-a5">
         <name>EspaciosLibres</name>
         <value>0x2000020c</value>
         <object_component_ref idref="oc-f8"/>
      </symbol>
      <symbol id="sm-a6">
         <name>delay1ms</name>
         <value>0x6c5</value>
         <object_component_ref idref="oc-9b"/>
      </symbol>
      <symbol id="sm-a7">
         <name>sensor1</name>
         <value>0x20000204</value>
         <object_component_ref idref="oc-f8"/>
      </symbol>
      <symbol id="sm-a8">
         <name>sensor3</name>
         <value>0x20000206</value>
         <object_component_ref idref="oc-f8"/>
      </symbol>
      <symbol id="sm-a9">
         <name>sensor2</name>
         <value>0x20000205</value>
         <object_component_ref idref="oc-f8"/>
      </symbol>
      <symbol id="sm-aa">
         <name>sensor5</name>
         <value>0x20000208</value>
         <object_component_ref idref="oc-f8"/>
      </symbol>
      <symbol id="sm-ab">
         <name>sensor4</name>
         <value>0x20000207</value>
         <object_component_ref idref="oc-f8"/>
      </symbol>
      <symbol id="sm-ac">
         <name>sensor7</name>
         <value>0x2000020a</value>
         <object_component_ref idref="oc-f8"/>
      </symbol>
      <symbol id="sm-ad">
         <name>sensor6</name>
         <value>0x20000209</value>
         <object_component_ref idref="oc-f8"/>
      </symbol>
      <symbol id="sm-ae">
         <name>sensor8</name>
         <value>0x2000020b</value>
         <object_component_ref idref="oc-f8"/>
      </symbol>
      <symbol id="sm-cf">
         <name>ResetISR</name>
         <value>0xe0f</value>
         <object_component_ref idref="oc-27"/>
      </symbol>
      <symbol id="sm-d0">
         <name>g_pfnVectors</name>
         <value>0x0</value>
         <object_component_ref idref="oc-12"/>
      </symbol>
      <symbol id="sm-127">
         <name>GPIOPinConfigure</name>
         <value>0xbf1</value>
         <object_component_ref idref="oc-11f"/>
      </symbol>
      <symbol id="sm-128">
         <name>GPIOPinTypeGPIOInput</name>
         <value>0xdcd</value>
         <object_component_ref idref="oc-da"/>
      </symbol>
      <symbol id="sm-129">
         <name>GPIOPinTypeUART</name>
         <value>0xddf</value>
         <object_component_ref idref="oc-10d"/>
      </symbol>
      <symbol id="sm-12a">
         <name>GPIOPinTypeGPIOOutput</name>
         <value>0xd79</value>
         <object_component_ref idref="oc-d4"/>
      </symbol>
      <symbol id="sm-12b">
         <name>GPIOPinRead</name>
         <value>0xe25</value>
         <object_component_ref idref="oc-e6"/>
      </symbol>
      <symbol id="sm-12c">
         <name>GPIODirModeSet</name>
         <value>0xd2d</value>
         <object_component_ref idref="oc-17a"/>
      </symbol>
      <symbol id="sm-12d">
         <name>GPIOPinWrite</name>
         <value>0xe2b</value>
         <object_component_ref idref="oc-f2"/>
      </symbol>
      <symbol id="sm-12e">
         <name>GPIOPadConfigSet</name>
         <value>0x7b5</value>
         <object_component_ref idref="oc-e0"/>
      </symbol>
      <symbol id="sm-181">
         <name>SysCtlClockSet</name>
         <value>0x9f9</value>
         <object_component_ref idref="oc-c8"/>
      </symbol>
      <symbol id="sm-182">
         <name>SysCtlDelay</name>
         <value>0xe31</value>
         <object_component_ref idref="oc-171"/>
      </symbol>
      <symbol id="sm-183">
         <name>SysCtlPeripheralEnable</name>
         <value>0xcc5</value>
         <object_component_ref idref="oc-ce"/>
      </symbol>
      <symbol id="sm-184">
         <name>SysCtlClockGet</name>
         <value>0x8e9</value>
         <object_component_ref idref="oc-113"/>
      </symbol>
      <symbol id="sm-1a7">
         <name>SysTickEnable</name>
         <value>0xda5</value>
         <object_component_ref idref="oc-107"/>
      </symbol>
      <symbol id="sm-1a8">
         <name>SysTickPeriodSet</name>
         <value>0xdf1</value>
         <object_component_ref idref="oc-101"/>
      </symbol>
      <symbol id="sm-1a9">
         <name>SysTickDisable</name>
         <value>0xd91</value>
         <object_component_ref idref="oc-fb"/>
      </symbol>
      <symbol id="sm-1d3">
         <name>UARTConfigSetExpClk</name>
         <value>0xc39</value>
         <object_component_ref idref="oc-119"/>
      </symbol>
      <symbol id="sm-1d4">
         <name>UARTDisable</name>
         <value>0xd59</value>
         <object_component_ref idref="oc-193"/>
      </symbol>
      <symbol id="sm-1d5">
         <name>UARTCharPut</name>
         <value>0xe1b</value>
         <object_component_ref idref="oc-ec"/>
      </symbol>
      <symbol id="sm-1d6">
         <name>UARTEnable</name>
         <value>0xdb9</value>
         <object_component_ref idref="oc-125"/>
      </symbol>
      <symbol id="sm-1ef">
         <name>__TI_decompress_none</name>
         <value>0xe01</value>
         <object_component_ref idref="oc-1b"/>
      </symbol>
      <symbol id="sm-212">
         <name>__TI_decompress_lzss</name>
         <value>0xb89</value>
         <object_component_ref idref="oc-15"/>
      </symbol>
      <symbol id="sm-225">
         <name>__stack</name>
         <value>0x20000000</value>
         <object_component_ref idref="oc-24"/>
      </symbol>
      <symbol id="sm-226">
         <name>_c_int00_noargs</name>
         <value>0xcf9</value>
         <object_component_ref idref="oc-59"/>
      </symbol>
      <symbol id="sm-241">
         <name>memcpy</name>
         <value>0xaed</value>
         <object_component_ref idref="oc-3b"/>
      </symbol>
      <symbol id="sm-242">
         <name>__aeabi_memcpy</name>
         <value>0xaed</value>
         <object_component_ref idref="oc-3b"/>
      </symbol>
      <symbol id="sm-243">
         <name>__aeabi_memcpy8</name>
         <value>0xaed</value>
         <object_component_ref idref="oc-3b"/>
      </symbol>
      <symbol id="sm-244">
         <name>__aeabi_memcpy4</name>
         <value>0xaed</value>
         <object_component_ref idref="oc-3b"/>
      </symbol>
      <symbol id="sm-26d">
         <name>__TI_auto_init_nobinit_nopinit</name>
         <value>0xc81</value>
         <object_component_ref idref="oc-138"/>
      </symbol>
      <symbol id="sm-277">
         <name>_system_pre_init</name>
         <value>0xe37</value>
         <object_component_ref idref="oc-95"/>
      </symbol>
      <symbol id="sm-283">
         <name>C$$EXIT</name>
         <value>0xe3b</value>
         <object_component_ref idref="oc-12c"/>
      </symbol>
      <symbol id="sm-284">
         <name>abort</name>
         <value>0xe3b</value>
         <object_component_ref idref="oc-12c"/>
      </symbol>
      <symbol id="sm-287">
         <name>__TI_static_base__</name>
         <value>0x0</value>
      </symbol>
      <symbol id="sm-28a">
         <name>__mpu_init</name>
         <value>0x0</value>
      </symbol>
      <symbol id="sm-28b">
         <name>_system_post_cinit</name>
         <value>0x0</value>
      </symbol>
   </symbol_table>
   <title>Link successful</title>
</link_info>
