******************************************************************************
                  TI ARM Linker PC v20.2.5                     
******************************************************************************
>> Linked Wed Nov 10 19:02:35 2021

OUTPUT FILE NAME:   <Proyecto3.out>
ENTRY POINT SYMBOL: "_c_int00_noargs"  address: 00000b39


MEMORY CONFIGURATION

         name            origin    length      used     unused   attr    fill
----------------------  --------  ---------  --------  --------  ----  --------
  FLASH                 00000000   00040000  00000d92  0003f26e  R  X
  SRAM                  20000000   00008000  0000020c  00007df4  RW X


SEGMENT ALLOCATION MAP

run origin  load origin   length   init length attrs members
----------  ----------- ---------- ----------- ----- -------
00000000    00000000    00000d98   00000d98    r-x
  00000000    00000000    0000026c   0000026c    r-- .intvecs
  0000026c    0000026c    00000a12   00000a12    r-x .text
  00000c80    00000c80    000000fc   000000fc    r-- .const
  00000d80    00000d80    00000018   00000018    r-- .cinit
20000000    20000000    0000020c   00000000    rw-
  20000000    20000000    00000200   00000000    rw- .stack
  20000200    20000200    0000000c   00000000    rw- .data


SECTION ALLOCATION MAP

 output                                  attributes/
section   page    origin      length       input sections
--------  ----  ----------  ----------   ----------------
.intvecs   0    00000000    0000026c     
                  00000000    0000026c     tm4c123gh6pm_startup_ccs.obj (.intvecs)

.text      0    0000026c    00000a12     
                  0000026c    00000388     main.obj (.text)
                  000005f4    00000132     driverlib.lib : gpio.obj (.text:GPIOPadConfigSet)
                  00000726    00000002     --HOLE-- [fill = 0]
                  00000728    00000110                   : sysctl.obj (.text:SysCtlClockGet)
                  00000838    000000f4                   : sysctl.obj (.text:SysCtlClockSet)
                  0000092c    0000009c     rtsv7M4_T_le_v4SPD16_eabi.lib : memcpy_t2.asm.obj (.text)
                  000009c8    00000068                                   : copy_decompress_lzss.c.obj (.text:decompress:lzss:__TI_decompress_lzss)
                  00000a30    00000048     driverlib.lib : gpio.obj (.text:GPIOPinConfigure)
                  00000a78    00000046                   : uart.obj (.text:UARTConfigSetExpClk)
                  00000abe    00000002     --HOLE-- [fill = 0]
                  00000ac0    00000044     rtsv7M4_T_le_v4SPD16_eabi.lib : autoinit.c.obj (.text:__TI_auto_init_nobinit_nopinit:__TI_auto_init_nobinit_nopinit)
                  00000b04    00000034     driverlib.lib : sysctl.obj (.text:SysCtlPeripheralEnable)
                  00000b38    00000034     rtsv7M4_T_le_v4SPD16_eabi.lib : boot_cortex_m.c.obj (.text:_c_int00_noargs:_c_int00_noargs)
                  00000b6c    0000002a     driverlib.lib : gpio.obj (.text:GPIODirModeSet)
                  00000b96    00000002     --HOLE-- [fill = 0]
                  00000b98    00000020                   : uart.obj (.text:UARTDisable)
                  00000bb8    00000018                   : gpio.obj (.text:GPIOPinTypeGPIOOutput)
                  00000bd0    00000014                   : systick.obj (.text:SysTickDisable)
                  00000be4    00000014                   : systick.obj (.text:SysTickEnable)
                  00000bf8    00000014                   : uart.obj (.text:UARTEnable)
                  00000c0c    00000012                   : gpio.obj (.text:GPIOPinTypeGPIOInput)
                  00000c1e    00000012                   : gpio.obj (.text:GPIOPinTypeUART)
                  00000c30    00000010                   : systick.obj (.text:SysTickPeriodSet)
                  00000c40    0000000e     rtsv7M4_T_le_v4SPD16_eabi.lib : copy_decompress_none.c.obj (.text:decompress:none:__TI_decompress_none)
                  00000c4e    0000000c     tm4c123gh6pm_startup_ccs.obj (.text)
                  00000c5a    0000000a     driverlib.lib : uart.obj (.text:UARTCharPut)
                  00000c64    00000006                   : gpio.obj (.text:GPIOPinRead)
                  00000c6a    00000006                   : gpio.obj (.text:GPIOPinWrite)
                  00000c70    00000006                   : sysctl.obj (.text:SysCtlDelay)
                  00000c76    00000004     rtsv7M4_T_le_v4SPD16_eabi.lib : pre_init.c.obj (.text:_system_pre_init)
                  00000c7a    00000004                                   : exit.c.obj (.text:abort:abort)

.const     0    00000c80    000000fc     
                  00000c80    00000090     driverlib.lib : gpio.obj (.const:g_pui32GPIOBaseAddrs)
                  00000d10    0000006c                   : sysctl.obj (.const:g_pui32Xtals)

.cinit     0    00000d80    00000018     
                  00000d80    00000008     (__TI_handler_table)
                  00000d88    00000007     (.cinit..data.load) [load image, compression = lzss]
                  00000d8f    00000001     --HOLE-- [fill = 0]
                  00000d90    00000008     (__TI_cinit_table)

.init_array 
*          0    00000000    00000000     UNINITIALIZED

.data      0    20000200    0000000c     UNINITIALIZED
                  20000200    0000000c     main.obj (.data)

.stack     0    20000000    00000200     UNINITIALIZED
                  20000000    00000004     rtsv7M4_T_le_v4SPD16_eabi.lib : boot_cortex_m.c.obj (.stack)
                  20000004    000001fc     --HOLE--

__llvm_prf_cnts 
*          0    20000000    00000000     UNINITIALIZED

MODULE SUMMARY

       Module                         code   ro data   rw data
       ------                         ----   -------   -------
    .\
       main.obj                       904    0         12     
       tm4c123gh6pm_startup_ccs.obj   12     620       0      
    +--+------------------------------+------+---------+---------+
       Total:                         916    620       12     
                                                              
    C:/ti/TivaWare_C_Series-2.1.4.178/driverlib/ccs/Debug/driverlib.lib
       sysctl.obj                     574    108       0      
       gpio.obj                       492    144       0      
       uart.obj                       132    0         0      
       systick.obj                    56     0         0      
    +--+------------------------------+------+---------+---------+
       Total:                         1254   252       0      
                                                              
    C:\ti\ccs1100\ccs\tools\compiler\ti-cgt-arm_20.2.5.LTS\lib\rtsv7M4_T_le_v4SPD16_eabi.lib
       memcpy_t2.asm.obj              156    0         0      
       copy_decompress_lzss.c.obj     104    0         0      
       autoinit.c.obj                 68     0         0      
       boot_cortex_m.c.obj            52     0         0      
       copy_decompress_none.c.obj     14     0         0      
       exit.c.obj                     4      0         0      
       pre_init.c.obj                 4      0         0      
    +--+------------------------------+------+---------+---------+
       Total:                         402    0         0      
                                                              
       Stack:                         0      0         512    
       Linker Generated:              0      23        0      
    +--+------------------------------+------+---------+---------+
       Grand Total:                   2572   895       524    


LINKER GENERATED COPY TABLES

__TI_cinit_table @ 00000d90 records: 1, size/record: 8, table size: 8
	.data: load addr=00000d88, load size=00000007 bytes, run addr=20000200, run size=0000000c bytes, compression=lzss


LINKER GENERATED HANDLER TABLE

__TI_handler_table @ 00000d80 records: 2, size/record: 4, table size: 8
	index: 0, handler: __TI_decompress_lzss
	index: 1, handler: __TI_decompress_none


GLOBAL SYMBOLS: SORTED ALPHABETICALLY BY Name 

address   name                          
-------   ----                          
00000c7b  C$$EXIT                       
00000b6d  GPIODirModeSet                
000005f5  GPIOPadConfigSet              
00000a31  GPIOPinConfigure              
00000c65  GPIOPinRead                   
00000c0d  GPIOPinTypeGPIOInput          
00000bb9  GPIOPinTypeGPIOOutput         
00000c1f  GPIOPinTypeUART               
00000c6b  GPIOPinWrite                  
00000525  InitUART0                     
00000551  InitUART1                     
00000c4f  ResetISR                      
00000729  SysCtlClockGet                
00000839  SysCtlClockSet                
00000c71  SysCtlDelay                   
00000b05  SysCtlPeripheralEnable        
00000bd1  SysTickDisable                
00000be5  SysTickEnable                 
00000c31  SysTickPeriodSet              
00000c5b  UARTCharPut                   
00000a79  UARTConfigSetExpClk           
00000b99  UARTDisable                   
00000bf9  UARTEnable                    
20000200  __STACK_END                   
00000200  __STACK_SIZE                  
20000200  __STACK_TOP                   
00000d90  __TI_CINIT_Base               
00000d98  __TI_CINIT_Limit              
00000d80  __TI_Handler_Table_Base       
00000d88  __TI_Handler_Table_Limit      
00000ac1  __TI_auto_init_nobinit_nopinit
000009c9  __TI_decompress_lzss          
00000c41  __TI_decompress_none          
ffffffff  __TI_pprof_out_hndl           
ffffffff  __TI_prof_data_size           
ffffffff  __TI_prof_data_start          
00000000  __TI_static_base__            
0000092d  __aeabi_memcpy                
0000092d  __aeabi_memcpy4               
0000092d  __aeabi_memcpy8               
ffffffff  __binit__                     
ffffffff  __c_args__                    
UNDEFED   __mpu_init                    
20000000  __stack                       
20000000  __start___llvm_prf_cnts       
20000000  __stop___llvm_prf_cnts        
00000b39  _c_int00_noargs               
UNDEFED   _system_post_cinit            
00000c77  _system_pre_init              
00000c7b  abort                         
ffffffff  binit                         
000004f9  delay                         
000004dd  delay1ms                      
00000000  g_pfnVectors                  
20000200  i                             
0000026d  main                          
0000092d  memcpy                        
20000204  sensor1                       
20000205  sensor2                       
20000206  sensor3                       
20000207  sensor4                       
20000208  sensor5                       
20000209  sensor6                       
2000020a  sensor7                       
2000020b  sensor8                       


GLOBAL SYMBOLS: SORTED BY Symbol Address 

address   name                          
-------   ----                          
00000000  __TI_static_base__            
00000000  g_pfnVectors                  
00000200  __STACK_SIZE                  
0000026d  main                          
000004dd  delay1ms                      
000004f9  delay                         
00000525  InitUART0                     
00000551  InitUART1                     
000005f5  GPIOPadConfigSet              
00000729  SysCtlClockGet                
00000839  SysCtlClockSet                
0000092d  __aeabi_memcpy                
0000092d  __aeabi_memcpy4               
0000092d  __aeabi_memcpy8               
0000092d  memcpy                        
000009c9  __TI_decompress_lzss          
00000a31  GPIOPinConfigure              
00000a79  UARTConfigSetExpClk           
00000ac1  __TI_auto_init_nobinit_nopinit
00000b05  SysCtlPeripheralEnable        
00000b39  _c_int00_noargs               
00000b6d  GPIODirModeSet                
00000b99  UARTDisable                   
00000bb9  GPIOPinTypeGPIOOutput         
00000bd1  SysTickDisable                
00000be5  SysTickEnable                 
00000bf9  UARTEnable                    
00000c0d  GPIOPinTypeGPIOInput          
00000c1f  GPIOPinTypeUART               
00000c31  SysTickPeriodSet              
00000c41  __TI_decompress_none          
00000c4f  ResetISR                      
00000c5b  UARTCharPut                   
00000c65  GPIOPinRead                   
00000c6b  GPIOPinWrite                  
00000c71  SysCtlDelay                   
00000c77  _system_pre_init              
00000c7b  C$$EXIT                       
00000c7b  abort                         
00000d80  __TI_Handler_Table_Base       
00000d88  __TI_Handler_Table_Limit      
00000d90  __TI_CINIT_Base               
00000d98  __TI_CINIT_Limit              
20000000  __stack                       
20000000  __start___llvm_prf_cnts       
20000000  __stop___llvm_prf_cnts        
20000200  __STACK_END                   
20000200  __STACK_TOP                   
20000200  i                             
20000204  sensor1                       
20000205  sensor2                       
20000206  sensor3                       
20000207  sensor4                       
20000208  sensor5                       
20000209  sensor6                       
2000020a  sensor7                       
2000020b  sensor8                       
ffffffff  __TI_pprof_out_hndl           
ffffffff  __TI_prof_data_size           
ffffffff  __TI_prof_data_start          
ffffffff  __binit__                     
ffffffff  __c_args__                    
ffffffff  binit                         
UNDEFED   __mpu_init                    
UNDEFED   _system_post_cinit            

[65 symbols]
