******************************************************************************
                  TI ARM Linker PC v20.2.5                     
******************************************************************************
>> Linked Tue Nov 16 21:41:05 2021

OUTPUT FILE NAME:   <Proyecto3.out>
ENTRY POINT SYMBOL: "_c_int00_noargs"  address: 00000d35


MEMORY CONFIGURATION

         name            origin    length      used     unused   attr    fill
----------------------  --------  ---------  --------  --------  ----  --------
  FLASH                 00000000   00040000  00000f8e  0003f072  R  X
  SRAM                  20000000   00008000  0000020d  00007df3  RW X


SEGMENT ALLOCATION MAP

run origin  load origin   length   init length attrs members
----------  ----------- ---------- ----------- ----- -------
00000000    00000000    00000f90   00000f90    r-x
  00000000    00000000    0000026c   0000026c    r-- .intvecs
  0000026c    0000026c    00000c0e   00000c0e    r-x .text
  00000e7c    00000e7c    000000fc   000000fc    r-- .const
  00000f78    00000f78    00000018   00000018    r-- .cinit
20000000    20000000    0000020d   00000000    rw-
  20000000    20000000    00000200   00000000    rw- .stack
  20000200    20000200    0000000d   00000000    rw- .data


SECTION ALLOCATION MAP

 output                                  attributes/
section   page    origin      length       input sections
--------  ----  ----------  ----------   ----------------
.intvecs   0    00000000    0000026c     
                  00000000    0000026c     tm4c123gh6pm_startup_ccs.obj (.intvecs)

.text      0    0000026c    00000c0e     
                  0000026c    00000584     main.obj (.text)
                  000007f0    00000132     driverlib.lib : gpio.obj (.text:GPIOPadConfigSet)
                  00000922    00000002     --HOLE-- [fill = 0]
                  00000924    00000110                   : sysctl.obj (.text:SysCtlClockGet)
                  00000a34    000000f4                   : sysctl.obj (.text:SysCtlClockSet)
                  00000b28    0000009c     rtsv7M4_T_le_v4SPD16_eabi.lib : memcpy_t2.asm.obj (.text)
                  00000bc4    00000068                                   : copy_decompress_lzss.c.obj (.text:decompress:lzss:__TI_decompress_lzss)
                  00000c2c    00000048     driverlib.lib : gpio.obj (.text:GPIOPinConfigure)
                  00000c74    00000046                   : uart.obj (.text:UARTConfigSetExpClk)
                  00000cba    00000002     --HOLE-- [fill = 0]
                  00000cbc    00000044     rtsv7M4_T_le_v4SPD16_eabi.lib : autoinit.c.obj (.text:__TI_auto_init_nobinit_nopinit:__TI_auto_init_nobinit_nopinit)
                  00000d00    00000034     driverlib.lib : sysctl.obj (.text:SysCtlPeripheralEnable)
                  00000d34    00000034     rtsv7M4_T_le_v4SPD16_eabi.lib : boot_cortex_m.c.obj (.text:_c_int00_noargs:_c_int00_noargs)
                  00000d68    0000002a     driverlib.lib : gpio.obj (.text:GPIODirModeSet)
                  00000d92    00000002     --HOLE-- [fill = 0]
                  00000d94    00000020                   : uart.obj (.text:UARTDisable)
                  00000db4    00000018                   : gpio.obj (.text:GPIOPinTypeGPIOOutput)
                  00000dcc    00000014                   : systick.obj (.text:SysTickDisable)
                  00000de0    00000014                   : systick.obj (.text:SysTickEnable)
                  00000df4    00000014                   : uart.obj (.text:UARTEnable)
                  00000e08    00000012                   : gpio.obj (.text:GPIOPinTypeGPIOInput)
                  00000e1a    00000012                   : gpio.obj (.text:GPIOPinTypeUART)
                  00000e2c    00000010                   : systick.obj (.text:SysTickPeriodSet)
                  00000e3c    0000000e     rtsv7M4_T_le_v4SPD16_eabi.lib : copy_decompress_none.c.obj (.text:decompress:none:__TI_decompress_none)
                  00000e4a    0000000c     tm4c123gh6pm_startup_ccs.obj (.text)
                  00000e56    0000000a     driverlib.lib : uart.obj (.text:UARTCharPut)
                  00000e60    00000006                   : gpio.obj (.text:GPIOPinRead)
                  00000e66    00000006                   : gpio.obj (.text:GPIOPinWrite)
                  00000e6c    00000006                   : sysctl.obj (.text:SysCtlDelay)
                  00000e72    00000004     rtsv7M4_T_le_v4SPD16_eabi.lib : pre_init.c.obj (.text:_system_pre_init)
                  00000e76    00000004                                   : exit.c.obj (.text:abort:abort)

.const     0    00000e7c    000000fc     
                  00000e7c    00000090     driverlib.lib : gpio.obj (.const:g_pui32GPIOBaseAddrs)
                  00000f0c    0000006c                   : sysctl.obj (.const:g_pui32Xtals)

.cinit     0    00000f78    00000018     
                  00000f78    00000008     (.cinit..data.load) [load image, compression = lzss]
                  00000f80    00000008     (__TI_handler_table)
                  00000f88    00000008     (__TI_cinit_table)

.init_array 
*          0    00000000    00000000     UNINITIALIZED

.data      0    20000200    0000000d     UNINITIALIZED
                  20000200    0000000d     main.obj (.data)

.stack     0    20000000    00000200     UNINITIALIZED
                  20000000    00000004     rtsv7M4_T_le_v4SPD16_eabi.lib : boot_cortex_m.c.obj (.stack)
                  20000004    000001fc     --HOLE--

__llvm_prf_cnts 
*          0    20000000    00000000     UNINITIALIZED

MODULE SUMMARY

       Module                         code   ro data   rw data
       ------                         ----   -------   -------
    .\
       main.obj                       1412   0         13     
       tm4c123gh6pm_startup_ccs.obj   12     620       0      
    +--+------------------------------+------+---------+---------+
       Total:                         1424   620       13     
                                                              
    C:/ti/TivaWare_C_Series-2.1.4.178/driverlib/ccs/Debug/driverlib.lib
       sysctl.obj                     574    108       0      
       gpio.obj                       492    144       0      
       uart.obj                       132    0         0      
       systick.obj                    56     0         0      
    +--+------------------------------+------+---------+---------+
       Total:                         1254   252       0      
                                                              
    C:\ti\ccs1100\ccs\tools\compiler\ti-cgt-arm_20.2.5.LTS\lib\rtsv7M4_T_le_v4SPD16_eabi.lib
       memcpy_t2.asm.obj              156    0         0      
       copy_decompress_lzss.c.obj     104    0         0      
       autoinit.c.obj                 68     0         0      
       boot_cortex_m.c.obj            52     0         0      
       copy_decompress_none.c.obj     14     0         0      
       exit.c.obj                     4      0         0      
       pre_init.c.obj                 4      0         0      
    +--+------------------------------+------+---------+---------+
       Total:                         402    0         0      
                                                              
       Stack:                         0      0         512    
       Linker Generated:              0      24        0      
    +--+------------------------------+------+---------+---------+
       Grand Total:                   3080   896       525    


LINKER GENERATED COPY TABLES

__TI_cinit_table @ 00000f88 records: 1, size/record: 8, table size: 8
	.data: load addr=00000f78, load size=00000008 bytes, run addr=20000200, run size=0000000d bytes, compression=lzss


LINKER GENERATED HANDLER TABLE

__TI_handler_table @ 00000f80 records: 2, size/record: 4, table size: 8
	index: 0, handler: __TI_decompress_lzss
	index: 1, handler: __TI_decompress_none


GLOBAL SYMBOLS: SORTED ALPHABETICALLY BY Name 

address   name                          
-------   ----                          
00000e77  C$$EXIT                       
2000020c  EspaciosLibres                
00000d69  GPIODirModeSet                
000007f1  GPIOPadConfigSet              
00000c2d  GPIOPinConfigure              
00000e61  GPIOPinRead                   
00000e09  GPIOPinTypeGPIOInput          
00000db5  GPIOPinTypeGPIOOutput         
00000e1b  GPIOPinTypeUART               
00000e67  GPIOPinWrite                  
00000769  InitUART0                     
0000078f  InitUART1                     
00000e4b  ResetISR                      
00000925  SysCtlClockGet                
00000a35  SysCtlClockSet                
00000e6d  SysCtlDelay                   
00000d01  SysCtlPeripheralEnable        
00000dcd  SysTickDisable                
00000de1  SysTickEnable                 
00000e2d  SysTickPeriodSet              
00000e57  UARTCharPut                   
00000c75  UARTConfigSetExpClk           
00000d95  UARTDisable                   
00000df5  UARTEnable                    
20000200  __STACK_END                   
00000200  __STACK_SIZE                  
20000200  __STACK_TOP                   
00000f88  __TI_CINIT_Base               
00000f90  __TI_CINIT_Limit              
00000f80  __TI_Handler_Table_Base       
00000f88  __TI_Handler_Table_Limit      
00000cbd  __TI_auto_init_nobinit_nopinit
00000bc5  __TI_decompress_lzss          
00000e3d  __TI_decompress_none          
ffffffff  __TI_pprof_out_hndl           
ffffffff  __TI_prof_data_size           
ffffffff  __TI_prof_data_start          
00000000  __TI_static_base__            
00000b29  __aeabi_memcpy                
00000b29  __aeabi_memcpy4               
00000b29  __aeabi_memcpy8               
ffffffff  __binit__                     
ffffffff  __c_args__                    
UNDEFED   __mpu_init                    
20000000  __stack                       
20000000  __start___llvm_prf_cnts       
20000000  __stop___llvm_prf_cnts        
00000d35  _c_int00_noargs               
UNDEFED   _system_post_cinit            
00000e73  _system_pre_init              
00000e77  abort                         
ffffffff  binit                         
0000073d  delay                         
00000721  delay1ms                      
00000000  g_pfnVectors                  
20000200  i                             
0000026d  main                          
00000b29  memcpy                        
20000204  sensor1                       
20000205  sensor2                       
20000206  sensor3                       
20000207  sensor4                       
20000208  sensor5                       
20000209  sensor6                       
2000020a  sensor7                       
2000020b  sensor8                       


GLOBAL SYMBOLS: SORTED BY Symbol Address 

address   name                          
-------   ----                          
00000000  __TI_static_base__            
00000000  g_pfnVectors                  
00000200  __STACK_SIZE                  
0000026d  main                          
00000721  delay1ms                      
0000073d  delay                         
00000769  InitUART0                     
0000078f  InitUART1                     
000007f1  GPIOPadConfigSet              
00000925  SysCtlClockGet                
00000a35  SysCtlClockSet                
00000b29  __aeabi_memcpy                
00000b29  __aeabi_memcpy4               
00000b29  __aeabi_memcpy8               
00000b29  memcpy                        
00000bc5  __TI_decompress_lzss          
00000c2d  GPIOPinConfigure              
00000c75  UARTConfigSetExpClk           
00000cbd  __TI_auto_init_nobinit_nopinit
00000d01  SysCtlPeripheralEnable        
00000d35  _c_int00_noargs               
00000d69  GPIODirModeSet                
00000d95  UARTDisable                   
00000db5  GPIOPinTypeGPIOOutput         
00000dcd  SysTickDisable                
00000de1  SysTickEnable                 
00000df5  UARTEnable                    
00000e09  GPIOPinTypeGPIOInput          
00000e1b  GPIOPinTypeUART               
00000e2d  SysTickPeriodSet              
00000e3d  __TI_decompress_none          
00000e4b  ResetISR                      
00000e57  UARTCharPut                   
00000e61  GPIOPinRead                   
00000e67  GPIOPinWrite                  
00000e6d  SysCtlDelay                   
00000e73  _system_pre_init              
00000e77  C$$EXIT                       
00000e77  abort                         
00000f80  __TI_Handler_Table_Base       
00000f88  __TI_CINIT_Base               
00000f88  __TI_Handler_Table_Limit      
00000f90  __TI_CINIT_Limit              
20000000  __stack                       
20000000  __start___llvm_prf_cnts       
20000000  __stop___llvm_prf_cnts        
20000200  __STACK_END                   
20000200  __STACK_TOP                   
20000200  i                             
20000204  sensor1                       
20000205  sensor2                       
20000206  sensor3                       
20000207  sensor4                       
20000208  sensor5                       
20000209  sensor6                       
2000020a  sensor7                       
2000020b  sensor8                       
2000020c  EspaciosLibres                
ffffffff  __TI_pprof_out_hndl           
ffffffff  __TI_prof_data_size           
ffffffff  __TI_prof_data_start          
ffffffff  __binit__                     
ffffffff  __c_args__                    
ffffffff  binit                         
UNDEFED   __mpu_init                    
UNDEFED   _system_post_cinit            

[66 symbols]
