******************************************************************************
                  TI ARM Linker PC v20.2.5                     
******************************************************************************
>> Linked Tue Nov 16 17:28:53 2021

OUTPUT FILE NAME:   <Proyecto3.out>
ENTRY POINT SYMBOL: "_c_int00_noargs"  address: 00000cf9


MEMORY CONFIGURATION

         name            origin    length      used     unused   attr    fill
----------------------  --------  ---------  --------  --------  ----  --------
  FLASH                 00000000   00040000  00000f52  0003f0ae  R  X
  SRAM                  20000000   00008000  0000020d  00007df3  RW X


SEGMENT ALLOCATION MAP

run origin  load origin   length   init length attrs members
----------  ----------- ---------- ----------- ----- -------
00000000    00000000    00000f58   00000f58    r-x
  00000000    00000000    0000026c   0000026c    r-- .intvecs
  0000026c    0000026c    00000bd2   00000bd2    r-x .text
  00000e40    00000e40    000000fc   000000fc    r-- .const
  00000f40    00000f40    00000018   00000018    r-- .cinit
20000000    20000000    0000020d   00000000    rw-
  20000000    20000000    00000200   00000000    rw- .stack
  20000200    20000200    0000000d   00000000    rw- .data


SECTION ALLOCATION MAP

 output                                  attributes/
section   page    origin      length       input sections
--------  ----  ----------  ----------   ----------------
.intvecs   0    00000000    0000026c     
                  00000000    0000026c     tm4c123gh6pm_startup_ccs.obj (.intvecs)

.text      0    0000026c    00000bd2     
                  0000026c    00000548     main.obj (.text)
                  000007b4    00000132     driverlib.lib : gpio.obj (.text:GPIOPadConfigSet)
                  000008e6    00000002     --HOLE-- [fill = 0]
                  000008e8    00000110                   : sysctl.obj (.text:SysCtlClockGet)
                  000009f8    000000f4                   : sysctl.obj (.text:SysCtlClockSet)
                  00000aec    0000009c     rtsv7M4_T_le_v4SPD16_eabi.lib : memcpy_t2.asm.obj (.text)
                  00000b88    00000068                                   : copy_decompress_lzss.c.obj (.text:decompress:lzss:__TI_decompress_lzss)
                  00000bf0    00000048     driverlib.lib : gpio.obj (.text:GPIOPinConfigure)
                  00000c38    00000046                   : uart.obj (.text:UARTConfigSetExpClk)
                  00000c7e    00000002     --HOLE-- [fill = 0]
                  00000c80    00000044     rtsv7M4_T_le_v4SPD16_eabi.lib : autoinit.c.obj (.text:__TI_auto_init_nobinit_nopinit:__TI_auto_init_nobinit_nopinit)
                  00000cc4    00000034     driverlib.lib : sysctl.obj (.text:SysCtlPeripheralEnable)
                  00000cf8    00000034     rtsv7M4_T_le_v4SPD16_eabi.lib : boot_cortex_m.c.obj (.text:_c_int00_noargs:_c_int00_noargs)
                  00000d2c    0000002a     driverlib.lib : gpio.obj (.text:GPIODirModeSet)
                  00000d56    00000002     --HOLE-- [fill = 0]
                  00000d58    00000020                   : uart.obj (.text:UARTDisable)
                  00000d78    00000018                   : gpio.obj (.text:GPIOPinTypeGPIOOutput)
                  00000d90    00000014                   : systick.obj (.text:SysTickDisable)
                  00000da4    00000014                   : systick.obj (.text:SysTickEnable)
                  00000db8    00000014                   : uart.obj (.text:UARTEnable)
                  00000dcc    00000012                   : gpio.obj (.text:GPIOPinTypeGPIOInput)
                  00000dde    00000012                   : gpio.obj (.text:GPIOPinTypeUART)
                  00000df0    00000010                   : systick.obj (.text:SysTickPeriodSet)
                  00000e00    0000000e     rtsv7M4_T_le_v4SPD16_eabi.lib : copy_decompress_none.c.obj (.text:decompress:none:__TI_decompress_none)
                  00000e0e    0000000c     tm4c123gh6pm_startup_ccs.obj (.text)
                  00000e1a    0000000a     driverlib.lib : uart.obj (.text:UARTCharPut)
                  00000e24    00000006                   : gpio.obj (.text:GPIOPinRead)
                  00000e2a    00000006                   : gpio.obj (.text:GPIOPinWrite)
                  00000e30    00000006                   : sysctl.obj (.text:SysCtlDelay)
                  00000e36    00000004     rtsv7M4_T_le_v4SPD16_eabi.lib : pre_init.c.obj (.text:_system_pre_init)
                  00000e3a    00000004                                   : exit.c.obj (.text:abort:abort)

.const     0    00000e40    000000fc     
                  00000e40    00000090     driverlib.lib : gpio.obj (.const:g_pui32GPIOBaseAddrs)
                  00000ed0    0000006c                   : sysctl.obj (.const:g_pui32Xtals)

.cinit     0    00000f40    00000018     
                  00000f40    00000008     (.cinit..data.load) [load image, compression = lzss]
                  00000f48    00000008     (__TI_handler_table)
                  00000f50    00000008     (__TI_cinit_table)

.init_array 
*          0    00000000    00000000     UNINITIALIZED

.data      0    20000200    0000000d     UNINITIALIZED
                  20000200    0000000d     main.obj (.data)

.stack     0    20000000    00000200     UNINITIALIZED
                  20000000    00000004     rtsv7M4_T_le_v4SPD16_eabi.lib : boot_cortex_m.c.obj (.stack)
                  20000004    000001fc     --HOLE--

__llvm_prf_cnts 
*          0    20000000    00000000     UNINITIALIZED

MODULE SUMMARY

       Module                         code   ro data   rw data
       ------                         ----   -------   -------
    .\
       main.obj                       1352   0         13     
       tm4c123gh6pm_startup_ccs.obj   12     620       0      
    +--+------------------------------+------+---------+---------+
       Total:                         1364   620       13     
                                                              
    C:/ti/TivaWare_C_Series-2.1.4.178/driverlib/ccs/Debug/driverlib.lib
       sysctl.obj                     574    108       0      
       gpio.obj                       492    144       0      
       uart.obj                       132    0         0      
       systick.obj                    56     0         0      
    +--+------------------------------+------+---------+---------+
       Total:                         1254   252       0      
                                                              
    C:\ti\ccs1100\ccs\tools\compiler\ti-cgt-arm_20.2.5.LTS\lib\rtsv7M4_T_le_v4SPD16_eabi.lib
       memcpy_t2.asm.obj              156    0         0      
       copy_decompress_lzss.c.obj     104    0         0      
       autoinit.c.obj                 68     0         0      
       boot_cortex_m.c.obj            52     0         0      
       copy_decompress_none.c.obj     14     0         0      
       exit.c.obj                     4      0         0      
       pre_init.c.obj                 4      0         0      
    +--+------------------------------+------+---------+---------+
       Total:                         402    0         0      
                                                              
       Stack:                         0      0         512    
       Linker Generated:              0      24        0      
    +--+------------------------------+------+---------+---------+
       Grand Total:                   3020   896       525    


LINKER GENERATED COPY TABLES

__TI_cinit_table @ 00000f50 records: 1, size/record: 8, table size: 8
	.data: load addr=00000f40, load size=00000008 bytes, run addr=20000200, run size=0000000d bytes, compression=lzss


LINKER GENERATED HANDLER TABLE

__TI_handler_table @ 00000f48 records: 2, size/record: 4, table size: 8
	index: 0, handler: __TI_decompress_lzss
	index: 1, handler: __TI_decompress_none


GLOBAL SYMBOLS: SORTED ALPHABETICALLY BY Name 

address   name                          
-------   ----                          
00000e3b  C$$EXIT                       
2000020c  EspaciosLibres                
00000d2d  GPIODirModeSet                
000007b5  GPIOPadConfigSet              
00000bf1  GPIOPinConfigure              
00000e25  GPIOPinRead                   
00000dcd  GPIOPinTypeGPIOInput          
00000d79  GPIOPinTypeGPIOOutput         
00000ddf  GPIOPinTypeUART               
00000e2b  GPIOPinWrite                  
0000072d  InitUART0                     
00000753  InitUART1                     
00000e0f  ResetISR                      
000008e9  SysCtlClockGet                
000009f9  SysCtlClockSet                
00000e31  SysCtlDelay                   
00000cc5  SysCtlPeripheralEnable        
00000d91  SysTickDisable                
00000da5  SysTickEnable                 
00000df1  SysTickPeriodSet              
00000e1b  UARTCharPut                   
00000c39  UARTConfigSetExpClk           
00000d59  UARTDisable                   
00000db9  UARTEnable                    
20000200  __STACK_END                   
00000200  __STACK_SIZE                  
20000200  __STACK_TOP                   
00000f50  __TI_CINIT_Base               
00000f58  __TI_CINIT_Limit              
00000f48  __TI_Handler_Table_Base       
00000f50  __TI_Handler_Table_Limit      
00000c81  __TI_auto_init_nobinit_nopinit
00000b89  __TI_decompress_lzss          
00000e01  __TI_decompress_none          
ffffffff  __TI_pprof_out_hndl           
ffffffff  __TI_prof_data_size           
ffffffff  __TI_prof_data_start          
00000000  __TI_static_base__            
00000aed  __aeabi_memcpy                
00000aed  __aeabi_memcpy4               
00000aed  __aeabi_memcpy8               
ffffffff  __binit__                     
ffffffff  __c_args__                    
UNDEFED   __mpu_init                    
20000000  __stack                       
20000000  __start___llvm_prf_cnts       
20000000  __stop___llvm_prf_cnts        
00000cf9  _c_int00_noargs               
UNDEFED   _system_post_cinit            
00000e37  _system_pre_init              
00000e3b  abort                         
ffffffff  binit                         
000006f9  delay                         
000006c5  delay1ms                      
00000000  g_pfnVectors                  
20000200  i                             
0000026d  main                          
00000aed  memcpy                        
20000204  sensor1                       
20000205  sensor2                       
20000206  sensor3                       
20000207  sensor4                       
20000208  sensor5                       
20000209  sensor6                       
2000020a  sensor7                       
2000020b  sensor8                       


GLOBAL SYMBOLS: SORTED BY Symbol Address 

address   name                          
-------   ----                          
00000000  __TI_static_base__            
00000000  g_pfnVectors                  
00000200  __STACK_SIZE                  
0000026d  main                          
000006c5  delay1ms                      
000006f9  delay                         
0000072d  InitUART0                     
00000753  InitUART1                     
000007b5  GPIOPadConfigSet              
000008e9  SysCtlClockGet                
000009f9  SysCtlClockSet                
00000aed  __aeabi_memcpy                
00000aed  __aeabi_memcpy4               
00000aed  __aeabi_memcpy8               
00000aed  memcpy                        
00000b89  __TI_decompress_lzss          
00000bf1  GPIOPinConfigure              
00000c39  UARTConfigSetExpClk           
00000c81  __TI_auto_init_nobinit_nopinit
00000cc5  SysCtlPeripheralEnable        
00000cf9  _c_int00_noargs               
00000d2d  GPIODirModeSet                
00000d59  UARTDisable                   
00000d79  GPIOPinTypeGPIOOutput         
00000d91  SysTickDisable                
00000da5  SysTickEnable                 
00000db9  UARTEnable                    
00000dcd  GPIOPinTypeGPIOInput          
00000ddf  GPIOPinTypeUART               
00000df1  SysTickPeriodSet              
00000e01  __TI_decompress_none          
00000e0f  ResetISR                      
00000e1b  UARTCharPut                   
00000e25  GPIOPinRead                   
00000e2b  GPIOPinWrite                  
00000e31  SysCtlDelay                   
00000e37  _system_pre_init              
00000e3b  C$$EXIT                       
00000e3b  abort                         
00000f48  __TI_Handler_Table_Base       
00000f50  __TI_CINIT_Base               
00000f50  __TI_Handler_Table_Limit      
00000f58  __TI_CINIT_Limit              
20000000  __stack                       
20000000  __start___llvm_prf_cnts       
20000000  __stop___llvm_prf_cnts        
20000200  __STACK_END                   
20000200  __STACK_TOP                   
20000200  i                             
20000204  sensor1                       
20000205  sensor2                       
20000206  sensor3                       
20000207  sensor4                       
20000208  sensor5                       
20000209  sensor6                       
2000020a  sensor7                       
2000020b  sensor8                       
2000020c  EspaciosLibres                
ffffffff  __TI_pprof_out_hndl           
ffffffff  __TI_prof_data_size           
ffffffff  __TI_prof_data_start          
ffffffff  __binit__                     
ffffffff  __c_args__                    
ffffffff  binit                         
UNDEFED   __mpu_init                    
UNDEFED   _system_post_cinit            

[66 symbols]
